Archive member included to satisfy reference by file (symbol)

c:/sysgcc/arm-eabi/bin/../lib/gcc/arm-none-eabi/10.3.1/../../../../arm-none-eabi/lib/thumb/v7e-m+fp/hard\libm.a(lib_a-sf_cos.o)
                              Debug_Win/user/main.opp (cosf)
c:/sysgcc/arm-eabi/bin/../lib/gcc/arm-none-eabi/10.3.1/../../../../arm-none-eabi/lib/thumb/v7e-m+fp/hard\libm.a(lib_a-sf_round.o)
                              Debug_Win/user/main.opp (roundf)
c:/sysgcc/arm-eabi/bin/../lib/gcc/arm-none-eabi/10.3.1/../../../../arm-none-eabi/lib/thumb/v7e-m+fp/hard\libm.a(lib_a-sf_sin.o)
                              Debug_Win/user/main.opp (sinf)
c:/sysgcc/arm-eabi/bin/../lib/gcc/arm-none-eabi/10.3.1/../../../../arm-none-eabi/lib/thumb/v7e-m+fp/hard\libm.a(lib_a-w_pow.o)
                              Debug_Win/user/main.opp (pow)
c:/sysgcc/arm-eabi/bin/../lib/gcc/arm-none-eabi/10.3.1/../../../../arm-none-eabi/lib/thumb/v7e-m+fp/hard\libm.a(lib_a-wf_sqrt.o)
                              Debug_Win/user/main.opp (sqrtf)
c:/sysgcc/arm-eabi/bin/../lib/gcc/arm-none-eabi/10.3.1/../../../../arm-none-eabi/lib/thumb/v7e-m+fp/hard\libm.a(lib_a-e_pow.o)
                              c:/sysgcc/arm-eabi/bin/../lib/gcc/arm-none-eabi/10.3.1/../../../../arm-none-eabi/lib/thumb/v7e-m+fp/hard\libm.a(lib_a-w_pow.o) (__ieee754_pow)
c:/sysgcc/arm-eabi/bin/../lib/gcc/arm-none-eabi/10.3.1/../../../../arm-none-eabi/lib/thumb/v7e-m+fp/hard\libm.a(lib_a-e_sqrt.o)
                              c:/sysgcc/arm-eabi/bin/../lib/gcc/arm-none-eabi/10.3.1/../../../../arm-none-eabi/lib/thumb/v7e-m+fp/hard\libm.a(lib_a-e_pow.o) (__ieee754_sqrt)
c:/sysgcc/arm-eabi/bin/../lib/gcc/arm-none-eabi/10.3.1/../../../../arm-none-eabi/lib/thumb/v7e-m+fp/hard\libm.a(lib_a-ef_rem_pio2.o)
                              c:/sysgcc/arm-eabi/bin/../lib/gcc/arm-none-eabi/10.3.1/../../../../arm-none-eabi/lib/thumb/v7e-m+fp/hard\libm.a(lib_a-sf_cos.o) (__ieee754_rem_pio2f)
c:/sysgcc/arm-eabi/bin/../lib/gcc/arm-none-eabi/10.3.1/../../../../arm-none-eabi/lib/thumb/v7e-m+fp/hard\libm.a(lib_a-ef_sqrt.o)
                              c:/sysgcc/arm-eabi/bin/../lib/gcc/arm-none-eabi/10.3.1/../../../../arm-none-eabi/lib/thumb/v7e-m+fp/hard\libm.a(lib_a-wf_sqrt.o) (__ieee754_sqrtf)
c:/sysgcc/arm-eabi/bin/../lib/gcc/arm-none-eabi/10.3.1/../../../../arm-none-eabi/lib/thumb/v7e-m+fp/hard\libm.a(lib_a-kf_cos.o)
                              c:/sysgcc/arm-eabi/bin/../lib/gcc/arm-none-eabi/10.3.1/../../../../arm-none-eabi/lib/thumb/v7e-m+fp/hard\libm.a(lib_a-sf_cos.o) (__kernel_cosf)
c:/sysgcc/arm-eabi/bin/../lib/gcc/arm-none-eabi/10.3.1/../../../../arm-none-eabi/lib/thumb/v7e-m+fp/hard\libm.a(lib_a-kf_rem_pio2.o)
                              c:/sysgcc/arm-eabi/bin/../lib/gcc/arm-none-eabi/10.3.1/../../../../arm-none-eabi/lib/thumb/v7e-m+fp/hard\libm.a(lib_a-ef_rem_pio2.o) (__kernel_rem_pio2f)
c:/sysgcc/arm-eabi/bin/../lib/gcc/arm-none-eabi/10.3.1/../../../../arm-none-eabi/lib/thumb/v7e-m+fp/hard\libm.a(lib_a-kf_sin.o)
                              c:/sysgcc/arm-eabi/bin/../lib/gcc/arm-none-eabi/10.3.1/../../../../arm-none-eabi/lib/thumb/v7e-m+fp/hard\libm.a(lib_a-sf_cos.o) (__kernel_sinf)
c:/sysgcc/arm-eabi/bin/../lib/gcc/arm-none-eabi/10.3.1/../../../../arm-none-eabi/lib/thumb/v7e-m+fp/hard\libm.a(lib_a-math_err.o)
                              c:/sysgcc/arm-eabi/bin/../lib/gcc/arm-none-eabi/10.3.1/../../../../arm-none-eabi/lib/thumb/v7e-m+fp/hard\libm.a(lib_a-e_pow.o) (__math_uflow)
c:/sysgcc/arm-eabi/bin/../lib/gcc/arm-none-eabi/10.3.1/../../../../arm-none-eabi/lib/thumb/v7e-m+fp/hard\libm.a(lib_a-s_fabs.o)
                              c:/sysgcc/arm-eabi/bin/../lib/gcc/arm-none-eabi/10.3.1/../../../../arm-none-eabi/lib/thumb/v7e-m+fp/hard\libm.a(lib_a-e_pow.o) (fabs)
c:/sysgcc/arm-eabi/bin/../lib/gcc/arm-none-eabi/10.3.1/../../../../arm-none-eabi/lib/thumb/v7e-m+fp/hard\libm.a(lib_a-s_finite.o)
                              c:/sysgcc/arm-eabi/bin/../lib/gcc/arm-none-eabi/10.3.1/../../../../arm-none-eabi/lib/thumb/v7e-m+fp/hard\libm.a(lib_a-w_pow.o) (finite)
c:/sysgcc/arm-eabi/bin/../lib/gcc/arm-none-eabi/10.3.1/../../../../arm-none-eabi/lib/thumb/v7e-m+fp/hard\libm.a(lib_a-s_scalbn.o)
                              c:/sysgcc/arm-eabi/bin/../lib/gcc/arm-none-eabi/10.3.1/../../../../arm-none-eabi/lib/thumb/v7e-m+fp/hard\libm.a(lib_a-e_pow.o) (scalbn)
c:/sysgcc/arm-eabi/bin/../lib/gcc/arm-none-eabi/10.3.1/../../../../arm-none-eabi/lib/thumb/v7e-m+fp/hard\libm.a(lib_a-sf_fabs.o)
                              c:/sysgcc/arm-eabi/bin/../lib/gcc/arm-none-eabi/10.3.1/../../../../arm-none-eabi/lib/thumb/v7e-m+fp/hard\libm.a(lib_a-ef_rem_pio2.o) (fabsf)
c:/sysgcc/arm-eabi/bin/../lib/gcc/arm-none-eabi/10.3.1/../../../../arm-none-eabi/lib/thumb/v7e-m+fp/hard\libm.a(lib_a-sf_floor.o)
                              c:/sysgcc/arm-eabi/bin/../lib/gcc/arm-none-eabi/10.3.1/../../../../arm-none-eabi/lib/thumb/v7e-m+fp/hard\libm.a(lib_a-kf_rem_pio2.o) (floorf)
[...]
Memory Configuration

Name             Origin             Length             Attributes
RAM              0x20000000         0x0000a000         xrw
CCMRAM           0x10000000         0x00002000         xrw
FLASH            0x08000000         0x00040000         xr
FLASHB1          0x00000000         0x00000000         xr
EXTMEMB0         0x00000000         0x00000000         xr
EXTMEMB1         0x00000000         0x00000000         xr
EXTMEMB2         0x00000000         0x00000000         xr
EXTMEMB3         0x00000000         0x00000000         xr
MEMORY_ARRAY     0x20002000         0x00000000         xrw
*default*        0x00000000         0xffffffff

Linker script and memory map

LOAD Debug_Win/stm32f3-stdperiph/stm32f30x_adc.o
LOAD Debug_Win/stm32f3-stdperiph/stm32f30x_can.o
LOAD Debug_Win/stm32f3-stdperiph/stm32f30x_comp.o
LOAD Debug_Win/stm32f3-stdperiph/stm32f30x_crc.o
LOAD Debug_Win/stm32f3-stdperiph/stm32f30x_dac.o
LOAD Debug_Win/stm32f3-stdperiph/stm32f30x_dbgmcu.o
LOAD Debug_Win/stm32f3-stdperiph/stm32f30x_dma.o
LOAD Debug_Win/stm32f3-stdperiph/stm32f30x_exti.o
LOAD Debug_Win/stm32f3-stdperiph/stm32f30x_flash.o
LOAD Debug_Win/stm32f3-stdperiph/stm32f30x_gpio.o
LOAD Debug_Win/stm32f3-stdperiph/stm32f30x_i2c.o
LOAD Debug_Win/stm32f3-stdperiph/stm32f30x_it.o
LOAD Debug_Win/stm32f3-stdperiph/stm32f30x_iwdg.o
LOAD Debug_Win/stm32f3-stdperiph/stm32f30x_misc.o
LOAD Debug_Win/stm32f3-stdperiph/stm32f30x_opamp.o
LOAD Debug_Win/stm32f3-stdperiph/stm32f30x_pwr.o
LOAD Debug_Win/stm32f3-stdperiph/stm32f30x_rcc.o
LOAD Debug_Win/stm32f3-stdperiph/stm32f30x_rtc.o
LOAD Debug_Win/stm32f3-stdperiph/stm32f30x_spi.o
LOAD Debug_Win/stm32f3-stdperiph/stm32f30x_syscfg.o
LOAD Debug_Win/stm32f3-stdperiph/stm32f30x_tim.o
LOAD Debug_Win/stm32f3-stdperiph/stm32f30x_usart.o
LOAD Debug_Win/stm32f3-stdperiph/stm32f30x_wwdg.o
LOAD Debug_Win/stm32f3-stdperiph/stm32f3_discovery.o
LOAD Debug_Win/stm32f3-stdperiph/stm32f3_discovery_l3gd20.o
LOAD Debug_Win/stm32f3-stdperiph/stm32f3_discovery_lsm303dlhc.o
LOAD Debug_Win/cmsis/system_stm32f30x.o
LOAD Debug_Win/cmsis/vectors_stm32f30x.o
LOAD Debug_Win/newlib/assert.o
LOAD Debug_Win/newlib/_exit.o
LOAD Debug_Win/newlib/_sbrk.o
LOAD Debug_Win/newlib/_startup.o
LOAD Debug_Win/newlib/_syscalls.o
LOAD Debug_Win/newlib/_cxx.opp
LOAD Debug_Win/diag/trace_impl.o
LOAD Debug_Win/diag/Trace.o
LOAD Debug_Win/cortexm/exception_handlers.o
LOAD Debug_Win/cortexm/_initialize_hardware.o
LOAD Debug_Win/cortexm/_reset_hardware.o
LOAD Debug_Win/usb/hw_config.o
LOAD Debug_Win/usb/usb_istr.o
LOAD Debug_Win/usb/usb_pwr.o
LOAD Debug_Win/usb/usb_init.o
LOAD Debug_Win/usb/usb_prop.o
LOAD Debug_Win/usb/usb_regs.o
LOAD Debug_Win/usb/usb_desc.o
LOAD Debug_Win/usb/usb_sil.o
LOAD Debug_Win/usb/usb_core.o
LOAD Debug_Win/usb/usb_int.o
LOAD Debug_Win/usb/usb_mem.o
LOAD Debug_Win/usb/usb_endp.o
LOAD Debug_Win/usb/VCP_F3.opp
LOAD Debug_Win/user/Sensors.o
LOAD Debug_Win/user/_write.o
LOAD Debug_Win/user/main.opp
LOAD Debug_Win/user/Drv_Gpio.opp
LOAD Debug_Win/user/Drv_Uart.opp
LOAD Debug_Win/user/COM_IO.opp
LOAD c:/sysgcc/arm-eabi/bin/../lib/gcc/arm-none-eabi/10.3.1/../../../../arm-none-eabi/lib/thumb/v7e-m+fp/hard\libm.a
START GROUP
LOAD c:/sysgcc/arm-eabi/bin/../lib/gcc/arm-none-eabi/10.3.1/thumb/v7e-m+fp/hard\libgcc.a
LOAD c:/sysgcc/arm-eabi/bin/../lib/gcc/arm-none-eabi/10.3.1/../../../../arm-none-eabi/lib/thumb/v7e-m+fp/hard\libg.a
LOAD c:/sysgcc/arm-eabi/bin/../lib/gcc/arm-none-eabi/10.3.1/../../../../arm-none-eabi/lib/thumb/v7e-m+fp/hard\libc.a
END GROUP
                0x2000a000                __stack = (ORIGIN (RAM) + LENGTH (RAM))
                0x2000a000                _estack = __stack
                0x00000400                __Main_Stack_Size = 0x400
                [!provide]                PROVIDE (_Main_Stack_Size = __Main_Stack_Size)
                0x20009c00                __Main_Stack_Limit = (__stack - __Main_Stack_Size)
                [!provide]                PROVIDE (_Main_Stack_Limit = __Main_Stack_Limit)
                0x00000100                _Minimum_Stack_Size = 0x100
                0x20001464                PROVIDE (_Heap_Begin = _end_noinit)
                0x20009c00                PROVIDE (_Heap_Limit = (__stack - __Main_Stack_Size))

.isr_vector     0x08000000      0x3c8
 FILL mask 0xff
                0x08000000                __vectors_start__ = ABSOLUTE (.)
 *(.isr_vector)
 .isr_vector    0x08000000      0x188 Debug_Win/cmsis/vectors_stm32f30x.o
                0x08000000                __isr_vectors
 *(.cfmconfig)
 *(.after_vectors .after_vectors.*)
 .after_vectors
                0x08000188        0x8 Debug_Win/cmsis/vectors_stm32f30x.o
                0x08000188                RTC_Alarm_IRQHandler
                0x08000188                TIM8_TRG_COM_IRQHandler
                0x08000188                TIM8_CC_IRQHandler
                0x08000188                TIM1_CC_IRQHandler
                0x08000188                USB_HP_IRQHandler
                0x08000188                PVD_IRQHandler
                0x08000188                EXTI3_IRQHandler
                0x08000188                I2C2_EV_IRQHandler
                0x08000188                FPU_IRQHandler
                0x08000188                EXTI2_TS_IRQHandler
                0x08000188                TIM1_UP_TIM16_IRQHandler
                0x08000188                ADC1_2_IRQHandler
                0x08000188                SPI1_IRQHandler
                0x08000188                TIM6_DAC_IRQHandler
                0x08000188                TIM8_UP_IRQHandler
                0x08000188                DMA2_Channel2_IRQHandler
                0x08000188                DMA1_Channel4_IRQHandler
                0x08000188                USART3_IRQHandler
                0x08000188                DMA1_Channel7_IRQHandler
                0x08000188                CAN1_RX1_IRQHandler
                0x08000188                UART5_IRQHandler
                0x08000188                ADC3_IRQHandler
                0x08000188                DMA2_Channel1_IRQHandler
                0x08000188                I2C1_EV_IRQHandler
                0x08000188                DMA1_Channel6_IRQHandler
                0x08000188                UART4_IRQHandler
                0x08000188                DMA2_Channel4_IRQHandler
                0x08000188                TIM3_IRQHandler
                0x08000188                RCC_IRQHandler
                0x08000188                DMA1_Channel1_IRQHandler
                0x08000188                Default_Handler
                0x08000188                USBWakeUp_RMP_IRQHandler
                0x08000188                EXTI15_10_IRQHandler
                0x08000188                TIM7_IRQHandler
                0x08000188                EXTI9_5_IRQHandler
                0x08000188                TAMPER_STAMP_IRQHandler
                0x08000188                RTC_WKUP_IRQHandler
                0x08000188                SPI2_IRQHandler
                0x08000188                DMA2_Channel5_IRQHandler
                0x08000188                DMA1_Channel5_IRQHandler
                0x08000188                USB_LP_IRQHandler
                0x08000188                EXTI4_IRQHandler
                0x08000188                TIM1_TRG_COM_TIM17_IRQHandler
                0x08000188                USB_HP_CAN1_TX_IRQHandler
                0x08000188                DMA1_Channel3_IRQHandler
                0x08000188                ADC4_IRQHandler
                0x08000188                WWDG_IRQHandler
                0x08000188                TIM2_IRQHandler
                0x08000188                COMP7_IRQHandler
                0x08000188                COMP1_2_3_IRQHandler
                0x08000188                EXTI1_IRQHandler
                0x08000188                COMP4_5_6_IRQHandler
                0x08000188                I2C2_ER_IRQHandler
                0x08000188                DMA1_Channel2_IRQHandler
                0x08000188                TIM8_BRK_IRQHandler
                0x08000188                CAN1_SCE_IRQHandler
                0x08000188                FLASH_IRQHandler
                0x08000188                USART1_IRQHandler
                0x08000188                SPI3_IRQHandler
                0x08000188                I2C1_ER_IRQHandler
                0x08000188                DMA2_Channel3_IRQHandler
                0x08000188                TIM1_BRK_TIM15_IRQHandler
 .after_vectors
                0x08000190      0x180 Debug_Win/newlib/_startup.o
                0x08000190                _start
 .after_vectors
                0x08000310       0xb8 Debug_Win/cortexm/exception_handlers.o
                0x08000310                Reset_Handler
                0x08000336                HardFault_Handler_C
                0x08000362                BusFault_Handler_C
                0x08000386                UsageFault_Handler_C

.inits          0x080003c8       0x30
                0x080003c8                __data_regions_array_start = .
                0x080003c8        0x4 LONG 0x800ab68 LOADADDR (.data)
                0x080003cc        0x4 LONG 0x20000000 ADDR (.data)
                0x080003d0        0x4 LONG 0x200005c4 (ADDR (.data) + SIZEOF (.data))
                0x080003d4        0x4 LONG 0x800ab68 LOADADDR (.data_CCMRAM)
                0x080003d8        0x4 LONG 0x10000000 ADDR (.data_CCMRAM)
                0x080003dc        0x4 LONG 0x10000000 (ADDR (.data_CCMRAM) + SIZEOF (.data_CCMRAM))
                0x080003e0                __data_regions_array_end = .
                0x080003e0                __bss_regions_array_start = .
                0x080003e0        0x4 LONG 0x200005c8 ADDR (.bss)
                0x080003e4        0x4 LONG 0x20001464 (ADDR (.bss) + SIZEOF (.bss))
                0x080003e8        0x4 LONG 0x10000000 ADDR (.bss_CCMRAM)
                0x080003ec        0x4 LONG 0x10000000 (ADDR (.bss_CCMRAM) + SIZEOF (.bss_CCMRAM))
                0x080003f0                __bss_regions_array_end = .
 *(.init)
 *(.fini)
                0x080003f0                . = ALIGN (0x4)
                0x080003f0                PROVIDE (__preinit_array_start = .)
 *(.preinit_array_sysinit .preinit_array_sysinit.*)
 *(.preinit_array_platform .preinit_array_platform.*)
 *(.preinit_array .preinit_array.*)
                0x080003f0                PROVIDE (__preinit_array_end = .)
                0x080003f0                . = ALIGN (0x4)
                0x080003f0                PROVIDE (__init_array_start = .)
 *(SORT_BY_NAME(.init_array.*))
 *(.init_array)
 .init_array    0x080003f0        0x4 Debug_Win/user/main.opp
 .init_array    0x080003f4        0x4 Debug_Win/user/Drv_Uart.opp
                0x080003f8                PROVIDE (__init_array_end = .)
                0x080003f8                . = ALIGN (0x4)
                0x080003f8                PROVIDE (__fini_array_start = .)
 *(SORT_BY_NAME(.fini_array.*))
 *(.fini_array)
                0x080003f8                PROVIDE (__fini_array_end = .)

.flashtext
 *(.flashtext .flashtext.*)

.text           0x080003f8     0xa770
 *(.text .text.*)
 .text.EXTI_Init
                0x080003f8      0x20c Debug_Win/stm32f3-stdperiph/stm32f30x_exti.o
                0x080003f8                EXTI_Init
 .text.EXTI_GetITStatus
                0x08000604       0x70 Debug_Win/stm32f3-stdperiph/stm32f30x_exti.o
                0x08000604                EXTI_GetITStatus
 .text.EXTI_ClearITPendingBit
                0x08000674       0x34 Debug_Win/stm32f3-stdperiph/stm32f30x_exti.o
                0x08000674                EXTI_ClearITPendingBit
 .text.GPIO_Init
                0x080006a8      0x12c Debug_Win/stm32f3-stdperiph/stm32f30x_gpio.o
                0x080006a8                GPIO_Init
 .text.GPIO_ReadInputDataBit
                0x080007d4       0x38 Debug_Win/stm32f3-stdperiph/stm32f30x_gpio.o
                0x080007d4                GPIO_ReadInputDataBit
 .text.GPIO_SetBits
                0x0800080c       0x1e Debug_Win/stm32f3-stdperiph/stm32f30x_gpio.o
                0x0800080c                GPIO_SetBits
 .text.GPIO_ResetBits
                0x0800082a       0x1e Debug_Win/stm32f3-stdperiph/stm32f30x_gpio.o
                0x0800082a                GPIO_ResetBits
 .text.GPIO_WriteBit
                0x08000848       0x30 Debug_Win/stm32f3-stdperiph/stm32f30x_gpio.o
                0x08000848                GPIO_WriteBit
 .text.GPIO_PinAFConfig
                0x08000878       0x92 Debug_Win/stm32f3-stdperiph/stm32f30x_gpio.o
                0x08000878                GPIO_PinAFConfig
 *fill*         0x0800090a        0x2 
 .text.I2C_Init
                0x0800090c       0xcc Debug_Win/stm32f3-stdperiph/stm32f30x_i2c.o
                0x0800090c                I2C_Init
 .text.I2C_Cmd  0x080009d8       0x38 Debug_Win/stm32f3-stdperiph/stm32f30x_i2c.o
                0x080009d8                I2C_Cmd
 .text.I2C_TransferHandling
                0x08000a10       0x58 Debug_Win/stm32f3-stdperiph/stm32f30x_i2c.o
                0x08000a10                I2C_TransferHandling
 .text.I2C_SendData
                0x08000a68       0x1e Debug_Win/stm32f3-stdperiph/stm32f30x_i2c.o
                0x08000a68                I2C_SendData
 .text.I2C_ReceiveData
                0x08000a86       0x1a Debug_Win/stm32f3-stdperiph/stm32f30x_i2c.o
                0x08000a86                I2C_ReceiveData
 .text.I2C_GetFlagStatus
                0x08000aa0       0x3e Debug_Win/stm32f3-stdperiph/stm32f30x_i2c.o
                0x08000aa0                I2C_GetFlagStatus
 .text.I2C_ClearFlag
                0x08000ade       0x1c Debug_Win/stm32f3-stdperiph/stm32f30x_i2c.o
                0x08000ade                I2C_ClearFlag
 .text.NMI_Handler
                0x08000afa        0xe Debug_Win/stm32f3-stdperiph/stm32f30x_it.o
                0x08000afa                NMI_Handler
 .text.HardFault_Handler
                0x08000b08       0x22 Debug_Win/stm32f3-stdperiph/stm32f30x_it.o
                0x08000b08                HardFault_Handler
 .text.MemManage_Handler
                0x08000b2a       0x10 Debug_Win/stm32f3-stdperiph/stm32f30x_it.o
                0x08000b2a                MemManage_Handler
 .text.BusFault_Handler
                0x08000b3a       0x10 Debug_Win/stm32f3-stdperiph/stm32f30x_it.o
                0x08000b3a                BusFault_Handler
 .text.UsageFault_Handler
                0x08000b4a       0x10 Debug_Win/stm32f3-stdperiph/stm32f30x_it.o
                0x08000b4a                UsageFault_Handler
 .text.SVC_Handler
                0x08000b5a        0xe Debug_Win/stm32f3-stdperiph/stm32f30x_it.o
                0x08000b5a                SVC_Handler
 .text.DebugMon_Handler
                0x08000b68        0xe Debug_Win/stm32f3-stdperiph/stm32f30x_it.o
                0x08000b68                DebugMon_Handler
 .text.PendSV_Handler
                0x08000b76        0xe Debug_Win/stm32f3-stdperiph/stm32f30x_it.o
                0x08000b76                PendSV_Handler
 .text.SysTick_Handler
                0x08000b84       0x2c Debug_Win/stm32f3-stdperiph/stm32f30x_it.o
                0x08000b84                SysTick_Handler
 .text.EXTI0_IRQHandler
                0x08000bb0       0x98 Debug_Win/stm32f3-stdperiph/stm32f30x_it.o
                0x08000bb0                EXTI0_IRQHandler
 .text.USB_LP_CAN1_RX0_IRQHandler
                0x08000c48        0xc Debug_Win/stm32f3-stdperiph/stm32f30x_it.o
                0x08000c48                USB_LP_CAN1_RX0_IRQHandler
 .text.USBWakeUp_IRQHandler
                0x08000c54       0x14 Debug_Win/stm32f3-stdperiph/stm32f30x_it.o
                0x08000c54                USBWakeUp_IRQHandler
 .text.NVIC_PriorityGroupConfig
                0x08000c68       0x28 Debug_Win/stm32f3-stdperiph/stm32f30x_misc.o
                0x08000c68                NVIC_PriorityGroupConfig
 .text.NVIC_Init
                0x08000c90       0xc8 Debug_Win/stm32f3-stdperiph/stm32f30x_misc.o
                0x08000c90                NVIC_Init
 .text.RCC_HSEConfig
                0x08000d58       0x28 Debug_Win/stm32f3-stdperiph/stm32f30x_rcc.o
                0x08000d58                RCC_HSEConfig
 .text.RCC_WaitForHSEStartUp
                0x08000d80       0x50 Debug_Win/stm32f3-stdperiph/stm32f30x_rcc.o
                0x08000d80                RCC_WaitForHSEStartUp
 .text.RCC_PLLCmd
                0x08000dd0       0x20 Debug_Win/stm32f3-stdperiph/stm32f30x_rcc.o
                0x08000dd0                RCC_PLLCmd
 .text.RCC_SYSCLKConfig
                0x08000df0       0x38 Debug_Win/stm32f3-stdperiph/stm32f30x_rcc.o
                0x08000df0                RCC_SYSCLKConfig
 .text.RCC_GetSYSCLKSource
                0x08000e28       0x20 Debug_Win/stm32f3-stdperiph/stm32f30x_rcc.o
                0x08000e28                RCC_GetSYSCLKSource
 .text.RCC_GetClocksFreq
                0x08000e48      0x428 Debug_Win/stm32f3-stdperiph/stm32f30x_rcc.o
                0x08000e48                RCC_GetClocksFreq
 .text.RCC_USBCLKConfig
                0x08001270       0x20 Debug_Win/stm32f3-stdperiph/stm32f30x_rcc.o
                0x08001270                RCC_USBCLKConfig
 .text.RCC_AHBPeriphClockCmd
                0x08001290       0x40 Debug_Win/stm32f3-stdperiph/stm32f30x_rcc.o
                0x08001290                RCC_AHBPeriphClockCmd
 .text.RCC_APB2PeriphClockCmd
                0x080012d0       0x40 Debug_Win/stm32f3-stdperiph/stm32f30x_rcc.o
                0x080012d0                RCC_APB2PeriphClockCmd
 .text.RCC_APB1PeriphClockCmd
                0x08001310       0x40 Debug_Win/stm32f3-stdperiph/stm32f30x_rcc.o
                0x08001310                RCC_APB1PeriphClockCmd
 .text.RCC_APB2PeriphResetCmd
                0x08001350       0x40 Debug_Win/stm32f3-stdperiph/stm32f30x_rcc.o
                0x08001350                RCC_APB2PeriphResetCmd
 .text.RCC_APB1PeriphResetCmd
                0x08001390       0x40 Debug_Win/stm32f3-stdperiph/stm32f30x_rcc.o
                0x08001390                RCC_APB1PeriphResetCmd
 .text.RCC_GetFlagStatus
                0x080013d0       0x84 Debug_Win/stm32f3-stdperiph/stm32f30x_rcc.o
                0x080013d0                RCC_GetFlagStatus
 .text.SPI_I2S_DeInit
                0x08001454       0x74 Debug_Win/stm32f3-stdperiph/stm32f30x_spi.o
                0x08001454                SPI_I2S_DeInit
 .text.SPI_Init
                0x080014c8      0x116 Debug_Win/stm32f3-stdperiph/stm32f30x_spi.o
                0x080014c8                SPI_Init
 .text.SPI_Cmd  0x080015de       0x40 Debug_Win/stm32f3-stdperiph/stm32f30x_spi.o
                0x080015de                SPI_Cmd
 .text.SPI_RxFIFOThresholdConfig
                0x0800161e       0x38 Debug_Win/stm32f3-stdperiph/stm32f30x_spi.o
                0x0800161e                SPI_RxFIFOThresholdConfig
 .text.SPI_SendData8
                0x08001656       0x2c Debug_Win/stm32f3-stdperiph/stm32f30x_spi.o
                0x08001656                SPI_SendData8
 .text.SPI_ReceiveData8
                0x08001682       0x28 Debug_Win/stm32f3-stdperiph/stm32f30x_spi.o
                0x08001682                SPI_ReceiveData8
 .text.SPI_I2S_GetFlagStatus
                0x080016aa       0x38 Debug_Win/stm32f3-stdperiph/stm32f30x_spi.o
                0x080016aa                SPI_I2S_GetFlagStatus
 *fill*         0x080016e2        0x2 
 .text.SYSCFG_EXTILineConfig
                0x080016e4       0x84 Debug_Win/stm32f3-stdperiph/stm32f30x_syscfg.o
                0x080016e4                SYSCFG_EXTILineConfig
 .text.TIM_TimeBaseInit
                0x08001768       0xf0 Debug_Win/stm32f3-stdperiph/stm32f30x_tim.o
                0x08001768                TIM_TimeBaseInit
 .text.TIM_TimeBaseStructInit
                0x08001858       0x34 Debug_Win/stm32f3-stdperiph/stm32f30x_tim.o
                0x08001858                TIM_TimeBaseStructInit
 .text.TIM_Cmd  0x0800188c       0x40 Debug_Win/stm32f3-stdperiph/stm32f30x_tim.o
                0x0800188c                TIM_Cmd
 .text.TIM_ITConfig
                0x080018cc       0x40 Debug_Win/stm32f3-stdperiph/stm32f30x_tim.o
                0x080018cc                TIM_ITConfig
 .text.TIM_ClearITPendingBit
                0x0800190c       0x24 Debug_Win/stm32f3-stdperiph/stm32f30x_tim.o
                0x0800190c                TIM_ClearITPendingBit
 .text.USART_SendData
                0x08001930       0x24 Debug_Win/stm32f3-stdperiph/stm32f30x_usart.o
                0x08001930                USART_SendData
 .text.USART_ReceiveData
                0x08001954       0x20 Debug_Win/stm32f3-stdperiph/stm32f30x_usart.o
                0x08001954                USART_ReceiveData
 .text.USART_ITConfig
                0x08001974       0x84 Debug_Win/stm32f3-stdperiph/stm32f30x_usart.o
                0x08001974                USART_ITConfig
 .text.USART_GetFlagStatus
                0x080019f8       0x32 Debug_Win/stm32f3-stdperiph/stm32f30x_usart.o
                0x080019f8                USART_GetFlagStatus
 .text.USART_GetITStatus
                0x08001a2a       0xa0 Debug_Win/stm32f3-stdperiph/stm32f30x_usart.o
                0x08001a2a                USART_GetITStatus
 .text.USART_ClearITPendingBit
                0x08001aca       0x34 Debug_Win/stm32f3-stdperiph/stm32f30x_usart.o
                0x08001aca                USART_ClearITPendingBit
 *fill*         0x08001afe        0x2 
 .text.STM_EVAL_LEDInit
                0x08001b00       0x5c Debug_Win/stm32f3-stdperiph/stm32f3_discovery.o
                0x08001b00                STM_EVAL_LEDInit
 .text.STM_EVAL_LEDOn
                0x08001b5c       0x34 Debug_Win/stm32f3-stdperiph/stm32f3_discovery.o
                0x08001b5c                STM_EVAL_LEDOn
 .text.STM_EVAL_LEDOff
                0x08001b90       0x30 Debug_Win/stm32f3-stdperiph/stm32f3_discovery.o
                0x08001b90                STM_EVAL_LEDOff
 .text.STM_EVAL_PBInit
                0x08001bc0       0x98 Debug_Win/stm32f3-stdperiph/stm32f3_discovery.o
                0x08001bc0                STM_EVAL_PBInit
 .text.STM_EVAL_PBGetState
                0x08001c58       0x2c Debug_Win/stm32f3-stdperiph/stm32f3_discovery.o
                0x08001c58                STM_EVAL_PBGetState
 .text.L3GD20_Init
                0x08001c84       0x78 Debug_Win/stm32f3-stdperiph/stm32f3_discovery_l3gd20.o
                0x08001c84                L3GD20_Init
 .text.L3GD20_FilterConfig
                0x08001cfc       0x4a Debug_Win/stm32f3-stdperiph/stm32f3_discovery_l3gd20.o
                0x08001cfc                L3GD20_FilterConfig
 *fill*         0x08001d46        0x2 
 .text.L3GD20_Write
                0x08001d48       0x60 Debug_Win/stm32f3-stdperiph/stm32f3_discovery_l3gd20.o
                0x08001d48                L3GD20_Write
 .text.L3GD20_Read
                0x08001da8       0x70 Debug_Win/stm32f3-stdperiph/stm32f3_discovery_l3gd20.o
                0x08001da8                L3GD20_Read
 .text.L3GD20_LowLevel_Init
                0x08001e18      0x154 Debug_Win/stm32f3-stdperiph/stm32f3_discovery_l3gd20.o
 .text.L3GD20_SendByte
                0x08001f6c       0x90 Debug_Win/stm32f3-stdperiph/stm32f3_discovery_l3gd20.o
 .text.LSM303DLHC_AccInit
                0x08001ffc       0x78 Debug_Win/stm32f3-stdperiph/stm32f3_discovery_lsm303dlhc.o
                0x08001ffc                LSM303DLHC_AccInit
 .text.LSM303DLHC_AccFilterConfig
                0x08002074       0x5a Debug_Win/stm32f3-stdperiph/stm32f3_discovery_lsm303dlhc.o
                0x08002074                LSM303DLHC_AccFilterConfig
 .text.LSM303DLHC_MagInit
                0x080020ce       0x76 Debug_Win/stm32f3-stdperiph/stm32f3_discovery_lsm303dlhc.o
                0x080020ce                LSM303DLHC_MagInit
 .text.LSM303DLHC_Write
                0x08002144      0x15c Debug_Win/stm32f3-stdperiph/stm32f3_discovery_lsm303dlhc.o
                0x08002144                LSM303DLHC_Write
 .text.LSM303DLHC_Read
                0x080022a0      0x188 Debug_Win/stm32f3-stdperiph/stm32f3_discovery_lsm303dlhc.o
                0x080022a0                LSM303DLHC_Read
 .text.LSM303DLHC_LowLevel_Init
                0x08002428      0x154 Debug_Win/stm32f3-stdperiph/stm32f3_discovery_lsm303dlhc.o
 .text.SystemInit
                0x0800257c       0x94 Debug_Win/cmsis/system_stm32f30x.o
                0x0800257c                SystemInit
 .text.SystemCoreClockUpdate
                0x08002610       0xe4 Debug_Win/cmsis/system_stm32f30x.o
                0x08002610                SystemCoreClockUpdate
 .text.SetSysClock
                0x080026f4       0xe4 Debug_Win/cmsis/system_stm32f30x.o
 .text._exit    0x080027d8        0xa Debug_Win/newlib/_exit.o
                0x080027d8                _exit
 *fill*         0x080027e2        0x2 
 .text.__initialize_args
                0x080027e4       0x28 Debug_Win/newlib/_syscalls.o
                0x080027e4                __initialize_args
 .text.__initialize_hardware_early
                0x0800280c       0x20 Debug_Win/cortexm/_initialize_hardware.o
                0x0800280c                __initialize_hardware_early
 .text.__initialize_hardware
                0x0800282c        0xc Debug_Win/cortexm/_initialize_hardware.o
                0x0800282c                __initialize_hardware
 .text.Set_System
                0x08002838       0xc4 Debug_Win/usb/hw_config.o
                0x08002838                Set_System
 .text.Set_USBClock
                0x080028fc       0x18 Debug_Win/usb/hw_config.o
                0x080028fc                Set_USBClock
 .text.Leave_LowPowerMode
                0x08002914       0x7c Debug_Win/usb/hw_config.o
                0x08002914                Leave_LowPowerMode
 .text.USB_Interrupts_Config
                0x08002990       0x52 Debug_Win/usb/hw_config.o
                0x08002990                USB_Interrupts_Config
 *fill*         0x080029e2        0x2 
 .text.USB_Cable_Config
                0x080029e4       0x34 Debug_Win/usb/hw_config.o
                0x080029e4                USB_Cable_Config
 .text.Get_SerialNum
                0x08002a18       0x58 Debug_Win/usb/hw_config.o
                0x08002a18                Get_SerialNum
 .text.IntToUnicode
                0x08002a70       0x7e Debug_Win/usb/hw_config.o
 *fill*         0x08002aee        0x2 
 .text.CDC_Send_DATA
                0x08002af0       0x4c Debug_Win/usb/hw_config.o
                0x08002af0                CDC_Send_DATA
 .text.USB_Istr
                0x08002b3c      0x220 Debug_Win/usb/usb_istr.o
                0x08002b3c                USB_Istr
 .text.PowerOn  0x08002d5c       0x50 Debug_Win/usb/usb_pwr.o
                0x08002d5c                PowerOn
 .text.Suspend  0x08002dac      0x170 Debug_Win/usb/usb_pwr.o
                0x08002dac                Suspend
 .text.Resume_Init
                0x08002f1c       0x34 Debug_Win/usb/usb_pwr.o
                0x08002f1c                Resume_Init
 .text.Resume   0x08002f50      0x11c Debug_Win/usb/usb_pwr.o
                0x08002f50                Resume
 .text.USB_Init
                0x0800306c       0x44 Debug_Win/usb/usb_init.o
                0x0800306c                USB_Init
 .text.Virtual_Com_Port_init
                0x080030b0       0x2c Debug_Win/usb/usb_prop.o
                0x080030b0                Virtual_Com_Port_init
 .text.Virtual_Com_Port_Reset
                0x080030dc       0xf4 Debug_Win/usb/usb_prop.o
                0x080030dc                Virtual_Com_Port_Reset
 .text.Virtual_Com_Port_SetConfiguration
                0x080031d0       0x2c Debug_Win/usb/usb_prop.o
                0x080031d0                Virtual_Com_Port_SetConfiguration
 .text.Virtual_Com_Port_SetDeviceAddress
                0x080031fc       0x18 Debug_Win/usb/usb_prop.o
                0x080031fc                Virtual_Com_Port_SetDeviceAddress
 .text.Virtual_Com_Port_Status_In
                0x08003214       0x20 Debug_Win/usb/usb_prop.o
                0x08003214                Virtual_Com_Port_Status_In
 .text.Virtual_Com_Port_Status_Out
                0x08003234        0xe Debug_Win/usb/usb_prop.o
                0x08003234                Virtual_Com_Port_Status_Out
 *fill*         0x08003242        0x2 
 .text.Virtual_Com_Port_Data_Setup
                0x08003244       0x80 Debug_Win/usb/usb_prop.o
                0x08003244                Virtual_Com_Port_Data_Setup
 .text.Virtual_Com_Port_NoData_Setup
                0x080032c4       0x40 Debug_Win/usb/usb_prop.o
                0x080032c4                Virtual_Com_Port_NoData_Setup
 .text.Virtual_Com_Port_GetDeviceDescriptor
                0x08003304       0x24 Debug_Win/usb/usb_prop.o
                0x08003304                Virtual_Com_Port_GetDeviceDescriptor
 .text.Virtual_Com_Port_GetConfigDescriptor
                0x08003328       0x24 Debug_Win/usb/usb_prop.o
                0x08003328                Virtual_Com_Port_GetConfigDescriptor
 .text.Virtual_Com_Port_GetStringDescriptor
                0x0800334c       0x40 Debug_Win/usb/usb_prop.o
                0x0800334c                Virtual_Com_Port_GetStringDescriptor
 .text.Virtual_Com_Port_GetQualifierDescriptor
                0x0800338c       0x24 Debug_Win/usb/usb_prop.o
                0x0800338c                Virtual_Com_Port_GetQualifierDescriptor
 .text.Virtual_Com_Port_Get_Interface_Setting
                0x080033b0       0x32 Debug_Win/usb/usb_prop.o
                0x080033b0                Virtual_Com_Port_Get_Interface_Setting
 *fill*         0x080033e2        0x2 
 .text.Virtual_Com_Port_GetLineCoding
                0x080033e4       0x34 Debug_Win/usb/usb_prop.o
                0x080033e4                Virtual_Com_Port_GetLineCoding
 .text.Virtual_Com_Port_SetLineCoding
                0x08003418       0x34 Debug_Win/usb/usb_prop.o
                0x08003418                Virtual_Com_Port_SetLineCoding
 .text.SetBTABLE
                0x0800344c       0x28 Debug_Win/usb/usb_regs.o
                0x0800344c                SetBTABLE
 .text.SetEPType
                0x08003474       0x4e Debug_Win/usb/usb_regs.o
                0x08003474                SetEPType
 *fill*         0x080034c2        0x2 
 .text.SetEPTxStatus
                0x080034c4       0x70 Debug_Win/usb/usb_regs.o
                0x080034c4                SetEPTxStatus
 .text.SetEPRxStatus
                0x08003534       0x70 Debug_Win/usb/usb_regs.o
                0x08003534                SetEPRxStatus
 .text.SetEPTxValid
                0x080035a4       0x54 Debug_Win/usb/usb_regs.o
                0x080035a4                SetEPTxValid
 .text.SetEPRxValid
                0x080035f8       0x54 Debug_Win/usb/usb_regs.o
                0x080035f8                SetEPRxValid
 .text.Clear_Status_Out
                0x0800364c       0x48 Debug_Win/usb/usb_regs.o
                0x0800364c                Clear_Status_Out
 .text.ClearDTOG_RX
                0x08003694       0x5c Debug_Win/usb/usb_regs.o
                0x08003694                ClearDTOG_RX
 .text.ClearDTOG_TX
                0x080036f0       0x5c Debug_Win/usb/usb_regs.o
                0x080036f0                ClearDTOG_TX
 .text.SetEPTxAddr
                0x0800374c       0x44 Debug_Win/usb/usb_regs.o
                0x0800374c                SetEPTxAddr
 .text.SetEPRxAddr
                0x08003790       0x44 Debug_Win/usb/usb_regs.o
                0x08003790                SetEPRxAddr
 .text.GetEPTxAddr
                0x080037d4       0x38 Debug_Win/usb/usb_regs.o
                0x080037d4                GetEPTxAddr
 .text.GetEPRxAddr
                0x0800380c       0x38 Debug_Win/usb/usb_regs.o
                0x0800380c                GetEPRxAddr
 .text.SetEPTxCount
                0x08003844       0x40 Debug_Win/usb/usb_regs.o
                0x08003844                SetEPTxCount
 .text.SetEPRxCount
                0x08003884       0x88 Debug_Win/usb/usb_regs.o
                0x08003884                SetEPRxCount
 .text.GetEPRxCount
                0x0800390c       0x3c Debug_Win/usb/usb_regs.o
                0x0800390c                GetEPRxCount
 .text.ByteSwap
                0x08003948       0x30 Debug_Win/usb/usb_regs.o
                0x08003948                ByteSwap
 .text.USB_SIL_Init
                0x08003978       0x34 Debug_Win/usb/usb_sil.o
                0x08003978                USB_SIL_Init
 .text.Standard_GetConfiguration
                0x080039ac       0x3c Debug_Win/usb/usb_core.o
                0x080039ac                Standard_GetConfiguration
 .text.Standard_SetConfiguration
                0x080039e8       0x50 Debug_Win/usb/usb_core.o
                0x080039e8                Standard_SetConfiguration
 .text.Standard_GetInterface
                0x08003a38       0x3c Debug_Win/usb/usb_core.o
                0x08003a38                Standard_GetInterface
 .text.Standard_SetInterface
                0x08003a74       0x88 Debug_Win/usb/usb_core.o
                0x08003a74                Standard_SetInterface
 .text.Standard_GetStatus
                0x08003afc      0x138 Debug_Win/usb/usb_core.o
                0x08003afc                Standard_GetStatus
 .text.Standard_ClearFeature
                0x08003c34      0x1d8 Debug_Win/usb/usb_core.o
                0x08003c34                Standard_ClearFeature
 .text.Standard_SetEndPointFeature
                0x08003e0c      0x114 Debug_Win/usb/usb_core.o
                0x08003e0c                Standard_SetEndPointFeature
 .text.Standard_SetDeviceFeature
                0x08003f20       0x2c Debug_Win/usb/usb_core.o
                0x08003f20                Standard_SetDeviceFeature
 .text.Standard_GetDescriptorData
                0x08003f4c       0x48 Debug_Win/usb/usb_core.o
                0x08003f4c                Standard_GetDescriptorData
 .text.DataStageOut
                0x08003f94      0x104 Debug_Win/usb/usb_core.o
 .text.DataStageIn
                0x08004098      0x10c Debug_Win/usb/usb_core.o
 .text.NoData_Setup0
                0x080041a4      0x194 Debug_Win/usb/usb_core.o
 .text.Data_Setup0
                0x08004338      0x33c Debug_Win/usb/usb_core.o
 .text.Setup0_Process
                0x08004674       0xd8 Debug_Win/usb/usb_core.o
                0x08004674                Setup0_Process
 .text.In0_Process
                0x0800474c       0x90 Debug_Win/usb/usb_core.o
                0x0800474c                In0_Process
 .text.Out0_Process
                0x080047dc       0x74 Debug_Win/usb/usb_core.o
                0x080047dc                Out0_Process
 .text.Post0_Process
                0x08004850       0x50 Debug_Win/usb/usb_core.o
                0x08004850                Post0_Process
 .text.SetDeviceAddress
                0x080048a0       0x7c Debug_Win/usb/usb_core.o
                0x080048a0                SetDeviceAddress
 .text.NOP_Process
                0x0800491c        0xe Debug_Win/usb/usb_core.o
                0x0800491c                NOP_Process
 *fill*         0x0800492a        0x2 
 .text.CTR_LP   0x0800492c      0x300 Debug_Win/usb/usb_int.o
                0x0800492c                CTR_LP
 .text.UserToPMABufferCopy
                0x08004c2c       0x78 Debug_Win/usb/usb_mem.o
                0x08004c2c                UserToPMABufferCopy
 .text.PMAToUserBufferCopy
                0x08004ca4       0x5e Debug_Win/usb/usb_mem.o
                0x08004ca4                PMAToUserBufferCopy
 *fill*         0x08004d02        0x2 
 .text.EP1_IN_Callback
                0x08004d04       0x18 Debug_Win/usb/usb_endp.o
                0x08004d04                EP1_IN_Callback
 .text.EP3_OUT_Callback
                0x08004d1c       0x48 Debug_Win/usb/usb_endp.o
                0x08004d1c                EP3_OUT_Callback
 .text.VCP_Init
                0x08004d64       0x18 Debug_Win/usb/VCP_F3.opp
                0x08004d64                VCP_Init
 .text.VCP_ResetPort
                0x08004d7c       0x48 Debug_Win/usb/VCP_F3.opp
                0x08004d7c                VCP_ResetPort
 .text.GYRO_INIT
                0x08004dc4       0x80 Debug_Win/user/Sensors.o
                0x08004dc4                GYRO_INIT
 .text.ReadGyro
                0x08004e44       0xb8 Debug_Win/user/Sensors.o
                0x08004e44                ReadGyro
 .text.MAG_INIT
                0x08004efc       0x26 Debug_Win/user/Sensors.o
                0x08004efc                MAG_INIT
 .text.ACC_INIT
                0x08004f22       0x50 Debug_Win/user/Sensors.o
                0x08004f22                ACC_INIT
 *fill*         0x08004f72        0x2 
 .text.ReadAcc  0x08004f74      0x218 Debug_Win/user/Sensors.o
                0x08004f74                ReadAcc
 .text.ReadMagTemp
                0x0800518c       0x78 Debug_Win/user/Sensors.o
                0x0800518c                ReadMagTemp
 .text.NVIC_SetPriority
                0x08005204       0x54 Debug_Win/user/main.opp
 .text.NVIC_SystemReset
                0x08005258       0x2c Debug_Win/user/main.opp
 .text.SysTick_Config
                0x08005284       0x44 Debug_Win/user/main.opp
 .text._ZSt3absf
                0x080052c8       0x20 Debug_Win/user/main.opp
                0x080052c8                std::abs(float)
 .text._ZSt3cosf
                0x080052e8       0x20 Debug_Win/user/main.opp
                0x080052e8                std::cos(float)
 .text._ZSt3sinf
                0x08005308       0x20 Debug_Win/user/main.opp
                0x08005308                std::sin(float)
 .text._ZSt4sqrtf
                0x08005328       0x20 Debug_Win/user/main.opp
                0x08005328                std::sqrt(float)
 .text._ZSt5roundf
                0x08005348       0x20 Debug_Win/user/main.opp
                0x08005348                std::round(float)
 .text._ZN6MatrixixEi
                0x08005368       0x1e Debug_Win/user/main.opp
                0x08005368                Matrix::operator[](int)
 .text._ZN6MatrixclEii
                0x08005386       0x2a Debug_Win/user/main.opp
                0x08005386                Matrix::operator()(int, int)
 .text._ZN6Matrix19copying_from_BufferEv
                0x080053b0       0x62 Debug_Win/user/main.opp
                0x080053b0                Matrix::copying_from_Buffer()
 .text._ZN6Matrix11DeterminantEv
                0x08005412       0xa8 Debug_Win/user/main.opp
                0x08005412                Matrix::Determinant()
 .text._ZN6Matrix8MreverseEv
                0x080054ba      0x1ec Debug_Win/user/main.opp
                0x080054ba                Matrix::Mreverse()
 .text._ZN6Matrix14IdentityMatrixEv
                0x080056a6       0x5c Debug_Win/user/main.opp
                0x080056a6                Matrix::IdentityMatrix()
 .text._ZN5FrameC2Ev
                0x08005702       0x3a Debug_Win/user/main.opp
                0x08005702                Frame::Frame()
                0x08005702                Frame::Frame()
 .text._ZN5FrameplERS_
                0x0800573c       0x58 Debug_Win/user/main.opp
                0x0800573c                Frame::operator+(Frame&)
 .text._ZN5FramemIERS_
                0x08005794       0x58 Debug_Win/user/main.opp
                0x08005794                Frame::operator-=(Frame&)
 .text._ZN5FramedvEf
                0x080057ec       0x54 Debug_Win/user/main.opp
                0x080057ec                Frame::operator/(float)
 .text._ZN5FrameaSEPf
                0x08005840       0x2e Debug_Win/user/main.opp
                0x08005840                Frame::operator=(float*)
 .text._ZN5FrameixEi
                0x0800586e       0x38 Debug_Win/user/main.opp
                0x0800586e                Frame::operator[](int)
 .text._ZN5FramemlER6Matrix
                0x080058a6      0x11c Debug_Win/user/main.opp
                0x080058a6                Frame::operator*(Matrix&)
 *fill*         0x080059c2        0x2 
 .text._ZN5Frame8Read_AccEv
                0x080059c4       0x60 Debug_Win/user/main.opp
                0x080059c4                Frame::Read_Acc()
 .text._ZN5Frame9Read_GyroEv
                0x08005a24       0x60 Debug_Win/user/main.opp
                0x08005a24                Frame::Read_Gyro()
 .text._ZN5Frame14set_zero_FrameEv
                0x08005a84       0x2c Debug_Win/user/main.opp
                0x08005a84                Frame::set_zero_Frame()
 .text._ZN4DatapLERS_
                0x08005ab0       0x66 Debug_Win/user/main.opp
                0x08005ab0                Data::operator+=(Data&)
 .text._ZN4DatadVEf
                0x08005b16       0x62 Debug_Win/user/main.opp
                0x08005b16                Data::operator/=(float)
 .text._ZN4DataclEii
                0x08005b78       0x74 Debug_Win/user/main.opp
                0x08005b78                Data::operator()(int, int)
 .text._ZN4DatamlER6Matrix
                0x08005bec       0x4c Debug_Win/user/main.opp
                0x08005bec                Data::operator*(Matrix&)
 .text._ZN4Data9Read_DataEv
                0x08005c38       0x22 Debug_Win/user/main.opp
                0x08005c38                Data::Read_Data()
 .text._ZN4Data9Read_TempEv
                0x08005c5a       0x5e Debug_Win/user/main.opp
                0x08005c5a                Data::Read_Temp()
 .text._ZN4Data17Read_TempPreviousEv
                0x08005cb8       0x88 Debug_Win/user/main.opp
                0x08005cb8                Data::Read_TempPrevious()
 .text._ZN4Data15set_zero_ValuesEv
                0x08005d40       0x2a Debug_Win/user/main.opp
                0x08005d40                Data::set_zero_Values()
 .text._ZN4Data15set_zero_BufferEv
                0x08005d6a       0x2c Debug_Win/user/main.opp
                0x08005d6a                Data::set_zero_Buffer()
 .text._ZN4Data17update_zero_levelEff
                0x08005d96      0x18e Debug_Win/user/main.opp
                0x08005d96                Data::update_zero_level(float, float)
 .text._ZN4Data24update_zero_level_BufferEff
                0x08005f24      0x192 Debug_Win/user/main.opp
                0x08005f24                Data::update_zero_level_Buffer(float, float)
 .text._ZN7Message11get_messageEv
                0x080060b6       0x16 Debug_Win/user/main.opp
                0x080060b6                Message::get_message()
 .text._ZN7Message11set_messageEPh
                0x080060cc       0x1e Debug_Win/user/main.opp
                0x080060cc                Message::set_message(unsigned char*)
 .text._ZN13Command_Queue10decode_msgER7Message
                0x080060ea       0x9e Debug_Win/user/main.opp
                0x080060ea                Command_Queue::decode_msg(Message&)
 .text._ZN13Command_Queue3getEv
                0x08006188       0x98 Debug_Win/user/main.opp
                0x08006188                Command_Queue::get()
 .text._ZN13Command_Queue3putEPh
                0x08006220       0xa8 Debug_Win/user/main.opp
                0x08006220                Command_Queue::put(unsigned char*)
 .text._ZN13Command_Queue7isEmptyEv
                0x080062c8       0x26 Debug_Win/user/main.opp
                0x080062c8                Command_Queue::isEmpty()
 .text._ZN13Command_Queue6isFullEv
                0x080062ee       0x24 Debug_Win/user/main.opp
                0x080062ee                Command_Queue::isFull()
 *fill*         0x08006312        0x2 
 .text._ZN8COM_Port19filling_FrameStructER5FrameRNS_12Frame_StructE
                0x08006314       0x9c Debug_Win/user/main.opp
                0x08006314                COM_Port::filling_FrameStruct(Frame&, COM_Port::Frame_Struct&)
 .text._ZN8COM_Port18filling_DataStructER4DataRNS_11Data_StructE
                0x080063b0       0x32 Debug_Win/user/main.opp
                0x080063b0                COM_Port::filling_DataStruct(Data&, COM_Port::Data_Struct&)
 *fill*         0x080063e2        0x2 
 .text._ZN8COM_Port15outbuf_typeDataC2Ev
                0x080063e4       0x28 Debug_Win/user/main.opp
                0x080063e4                COM_Port::outbuf_typeData::outbuf_typeData()
                0x080063e4                COM_Port::outbuf_typeData::outbuf_typeData()
 .text._ZN8COM_Port12sending_dataEmR4Data
                0x0800640c      0x108 Debug_Win/user/main.opp
                0x0800640c                COM_Port::sending_data(unsigned long, Data&)
 .text._ZN8COM_Port15sending_packageEPhh
                0x08006514       0x20 Debug_Win/user/main.opp
                0x08006514                COM_Port::sending_package(unsigned char*, unsigned char)
 .text._ZN8COM_Port11new_messageEPh
                0x08006534       0x1e Debug_Win/user/main.opp
                0x08006534                COM_Port::new_message(unsigned char*)
 .text._ZN4DataC2Ev
                0x08006552       0x54 Debug_Win/user/main.opp
                0x08006552                Data::Data()
                0x08006552                Data::Data()
 .text._ZN6MatrixC2Ev
                0x080065a6       0x36 Debug_Win/user/main.opp
                0x080065a6                Matrix::Matrix()
                0x080065a6                Matrix::Matrix()
 .text._ZN7MeasureC2Eff
                0x080065dc       0xe6 Debug_Win/user/main.opp
                0x080065dc                Measure::Measure(float, float)
                0x080065dc                Measure::Measure(float, float)
 *fill*         0x080066c2        0x2 
 .text._ZN7Measure9measuringEv
                0x080066c4       0xec Debug_Win/user/main.opp
                0x080066c4                Measure::measuring()
 .text._ZN7Measure15initial_settingEv
                0x080067b0       0x54 Debug_Win/user/main.opp
                0x080067b0                Measure::initial_setting()
 .text._ZN7Measure16foo_reading_dataEv
                0x08006804       0x32 Debug_Win/user/main.opp
                0x08006804                Measure::foo_reading_data()
 .text._ZSt3powIiiEN9__gnu_cxx11__promote_2IT_T0_NS0_9__promoteIS2_XsrSt12__is_integerIS2_E7__valueEE6__typeENS4_IS3_XsrS5_IS3_E7__valueEE6__typeEE6__typeES2_S3_
                0x08006836       0x40 Debug_Win/user/main.opp
                0x08006836                __gnu_cxx::__promote_2<int, int, __gnu_cxx::__promote<int, std::__is_integer<int>::__value>::__type, __gnu_cxx::__promote<int, std::__is_integer<int>::__value>::__type>::__type std::pow<int, int>(int, int)
 *fill*         0x08006876        0x2 
 .text._ZN7Measure13set_zero_DataEv
                0x08006878      0x170 Debug_Win/user/main.opp
                0x08006878                Measure::set_zero_Data()
 .text._ZN7Measure18set_rotationMatrixEv
                0x080069e8      0x312 Debug_Win/user/main.opp
                0x080069e8                Measure::set_rotationMatrix()
 .text._ZN7Measure15data_collectingEv
                0x08006cfa      0x136 Debug_Win/user/main.opp
                0x08006cfa                Measure::data_collecting()
 .text._ZN7Measure14data_filteringEv
                0x08006e30       0x40 Debug_Win/user/main.opp
                0x08006e30                Measure::data_filtering()
 .text._ZN7Measure16AccXYZ_filteringEi
                0x08006e70      0x16c Debug_Win/user/main.opp
                0x08006e70                Measure::AccXYZ_filtering(int)
 .text._ZN7Measure17GyroXYZ_filteringEi
                0x08006fdc      0x16c Debug_Win/user/main.opp
                0x08006fdc                Measure::GyroXYZ_filtering(int)
 .text._ZN7Measure21sharp_emission_filterEv
                0x08007148       0xfe Debug_Win/user/main.opp
                0x08007148                Measure::sharp_emission_filter()
 .text._ZN7Measure12rolling_meanEv
                0x08007246       0xe6 Debug_Win/user/main.opp
                0x08007246                Measure::rolling_mean()
 .text._ZN7Measure4meanEPfi
                0x0800732c       0x96 Debug_Win/user/main.opp
                0x0800732c                Measure::mean(float*, int)
 .text._ZN7Measure3stdEPffi
                0x080073c2       0xc6 Debug_Win/user/main.opp
                0x080073c2                Measure::std(float*, float, int)
 .text._ZN8CommandsC2Ev
                0x08007488       0xdc Debug_Win/user/main.opp
                0x08007488                Commands::Commands()
                0x08007488                Commands::Commands()
 .text._ZN13Command_QueueC2Ev
                0x08007564       0x24 Debug_Win/user/main.opp
                0x08007564                Command_Queue::Command_Queue()
                0x08007564                Command_Queue::Command_Queue()
 .text._ZN8COM_PortC2Ev
                0x08007588       0x1c Debug_Win/user/main.opp
                0x08007588                COM_Port::COM_Port()
                0x08007588                COM_Port::COM_Port()
 .text.main     0x080075a4      0x120 Debug_Win/user/main.opp
                0x080075a4                main
 .text.InitAll  0x080076c4       0x28 Debug_Win/user/main.opp
                0x080076c4                InitAll
 .text.LedsInit
                0x080076ec       0x38 Debug_Win/user/main.opp
                0x080076ec                LedsInit
 .text.Toggle_Leds
                0x08007724       0x98 Debug_Win/user/main.opp
                0x08007724                Toggle_Leds
 .text.LedsOn   0x080077bc       0x38 Debug_Win/user/main.opp
                0x080077bc                LedsOn
 .text.LedsOff  0x080077f4       0x38 Debug_Win/user/main.opp
                0x080077f4                LedsOff
 .text.LedOn    0x0800782c       0x1a Debug_Win/user/main.opp
                0x0800782c                LedOn
 .text.LedOff   0x08007846       0x1a Debug_Win/user/main.opp
                0x08007846                LedOff
 .text.TimerInit
                0x08007860       0x64 Debug_Win/user/main.opp
                0x08007860                TimerInit
 .text.TIM4_IRQHandler
                0x080078c4       0x3c Debug_Win/user/main.opp
                0x080078c4                TIM4_IRQHandler
 .text.UserEP3_OUT_Callback
                0x08007900      0x118 Debug_Win/user/main.opp
                0x08007900                UserEP3_OUT_Callback
 .text.restart  0x08007a18        0xc Debug_Win/user/main.opp
                0x08007a18                restart
 .text.start_InitialSetting
                0x08007a24       0x18 Debug_Win/user/main.opp
                0x08007a24                start_InitialSetting
 .text.start_Measuring
                0x08007a3c       0x18 Debug_Win/user/main.opp
                0x08007a3c                start_Measuring
 .text.stop_CollectingData
                0x08007a54       0x24 Debug_Win/user/main.opp
                0x08007a54                stop_CollectingData
 .text.error_msg
                0x08007a78       0x24 Debug_Win/user/main.opp
                0x08007a78                error_msg
 .text.Delay    0x08007a9c       0x34 Debug_Win/user/main.opp
                0x08007a9c                Delay
 .text.TimingDelay_Decrement
                0x08007ad0       0x30 Debug_Win/user/main.opp
                0x08007ad0                TimingDelay_Decrement
 .text.L3GD20_TIMEOUT_UserCallback
                0x08007b00       0x10 Debug_Win/user/main.opp
                0x08007b00                L3GD20_TIMEOUT_UserCallback
 .text.LSM303DLHC_TIMEOUT_UserCallback
                0x08007b10       0x10 Debug_Win/user/main.opp
                0x08007b10                LSM303DLHC_TIMEOUT_UserCallback
 .text._Z41__static_initialization_and_destruction_0ii
                0x08007b20       0x44 Debug_Win/user/main.opp
 .text._GLOBAL__sub_I_ErrorMessage
                0x08007b64       0x10 Debug_Win/user/main.opp
 .text._Z12InitResetPinv
                0x08007b74       0x42 Debug_Win/user/Drv_Gpio.opp
                0x08007b74                InitResetPin()
 .text.ProcessInByte
                0x08007bb6       0x1c Debug_Win/user/Drv_Uart.opp
                0x08007bb6                ProcessInByte
 *fill*         0x08007bd2        0x2 
 .text.USART2_IRQHandler
                0x08007bd4       0xb0 Debug_Win/user/Drv_Uart.opp
                0x08007bd4                USART2_IRQHandler
 .text._ZN7CBufferIhEC2Ev
                0x08007c84       0x22 Debug_Win/user/Drv_Uart.opp
                0x08007c84                CBuffer<unsigned char>::CBuffer()
                0x08007c84                CBuffer<unsigned char>::CBuffer()
 .text._ZN7CBufferIhE7IsEmptyEv
                0x08007ca6       0x22 Debug_Win/user/Drv_Uart.opp
                0x08007ca6                CBuffer<unsigned char>::IsEmpty()
 .text._ZN7CBufferIhE8ReadFromEv
                0x08007cc8       0x54 Debug_Win/user/Drv_Uart.opp
                0x08007cc8                CBuffer<unsigned char>::ReadFrom()
 .text._Z41__static_initialization_and_destruction_0ii
                0x08007d1c       0x38 Debug_Win/user/Drv_Uart.opp
 .text._GLOBAL__sub_I_TxBuff
                0x08007d54       0x10 Debug_Win/user/Drv_Uart.opp
 .text.cosf     0x08007d64       0x70 c:/sysgcc/arm-eabi/bin/../lib/gcc/arm-none-eabi/10.3.1/../../../../arm-none-eabi/lib/thumb/v7e-m+fp/hard\libm.a(lib_a-sf_cos.o)
                0x08007d64                cosf
 .text.roundf   0x08007dd4       0x4c c:/sysgcc/arm-eabi/bin/../lib/gcc/arm-none-eabi/10.3.1/../../../../arm-none-eabi/lib/thumb/v7e-m+fp/hard\libm.a(lib_a-sf_round.o)
                0x08007dd4                roundf
 .text.sinf     0x08007e20       0x74 c:/sysgcc/arm-eabi/bin/../lib/gcc/arm-none-eabi/10.3.1/../../../../arm-none-eabi/lib/thumb/v7e-m+fp/hard\libm.a(lib_a-sf_sin.o)
                0x08007e20                sinf
 *fill*         0x08007e94        0x4 
 .text.pow      0x08007e98       0xf0 c:/sysgcc/arm-eabi/bin/../lib/gcc/arm-none-eabi/10.3.1/../../../../arm-none-eabi/lib/thumb/v7e-m+fp/hard\libm.a(lib_a-w_pow.o)
                0x08007e98                pow
 .text.sqrtf    0x08007f88       0x44 c:/sysgcc/arm-eabi/bin/../lib/gcc/arm-none-eabi/10.3.1/../../../../arm-none-eabi/lib/thumb/v7e-m+fp/hard\libm.a(lib_a-wf_sqrt.o)
                0x08007f88                sqrtf
 *fill*         0x08007fcc        0x4 
 .text.__ieee754_pow
                0x08007fd0      0xb74 c:/sysgcc/arm-eabi/bin/../lib/gcc/arm-none-eabi/10.3.1/../../../../arm-none-eabi/lib/thumb/v7e-m+fp/hard\libm.a(lib_a-e_pow.o)
                0x08007fd0                __ieee754_pow
 .text.__ieee754_sqrt
                0x08008b44      0x198 c:/sysgcc/arm-eabi/bin/../lib/gcc/arm-none-eabi/10.3.1/../../../../arm-none-eabi/lib/thumb/v7e-m+fp/hard\libm.a(lib_a-e_sqrt.o)
                0x08008b44                __ieee754_sqrt
 .text.__ieee754_rem_pio2f
                0x08008cdc      0x264 c:/sysgcc/arm-eabi/bin/../lib/gcc/arm-none-eabi/10.3.1/../../../../arm-none-eabi/lib/thumb/v7e-m+fp/hard\libm.a(lib_a-ef_rem_pio2.o)
                0x08008cdc                __ieee754_rem_pio2f
 .text.__ieee754_sqrtf
                0x08008f40        0x8 c:/sysgcc/arm-eabi/bin/../lib/gcc/arm-none-eabi/10.3.1/../../../../arm-none-eabi/lib/thumb/v7e-m+fp/hard\libm.a(lib_a-ef_sqrt.o)
                0x08008f40                __ieee754_sqrtf
 .text.__kernel_cosf
                0x08008f48      0x104 c:/sysgcc/arm-eabi/bin/../lib/gcc/arm-none-eabi/10.3.1/../../../../arm-none-eabi/lib/thumb/v7e-m+fp/hard\libm.a(lib_a-kf_cos.o)
                0x08008f48                __kernel_cosf
 .text.__kernel_rem_pio2f
                0x0800904c      0x674 c:/sysgcc/arm-eabi/bin/../lib/gcc/arm-none-eabi/10.3.1/../../../../arm-none-eabi/lib/thumb/v7e-m+fp/hard\libm.a(lib_a-kf_rem_pio2.o)
                0x0800904c                __kernel_rem_pio2f
 .text.__kernel_sinf
                0x080096c0       0x90 c:/sysgcc/arm-eabi/bin/../lib/gcc/arm-none-eabi/10.3.1/../../../../arm-none-eabi/lib/thumb/v7e-m+fp/hard\libm.a(lib_a-kf_sin.o)
                0x080096c0                __kernel_sinf
 .text.with_errno
                0x08009750       0x18 c:/sysgcc/arm-eabi/bin/../lib/gcc/arm-none-eabi/10.3.1/../../../../arm-none-eabi/lib/thumb/v7e-m+fp/hard\libm.a(lib_a-math_err.o)
 .text.xflow    0x08009768       0x2c c:/sysgcc/arm-eabi/bin/../lib/gcc/arm-none-eabi/10.3.1/../../../../arm-none-eabi/lib/thumb/v7e-m+fp/hard\libm.a(lib_a-math_err.o)
 .text.__math_uflow
                0x08009794       0x14 c:/sysgcc/arm-eabi/bin/../lib/gcc/arm-none-eabi/10.3.1/../../../../arm-none-eabi/lib/thumb/v7e-m+fp/hard\libm.a(lib_a-math_err.o)
                0x08009794                __math_uflow
 .text.__math_oflow
                0x080097a8       0x14 c:/sysgcc/arm-eabi/bin/../lib/gcc/arm-none-eabi/10.3.1/../../../../arm-none-eabi/lib/thumb/v7e-m+fp/hard\libm.a(lib_a-math_err.o)
                0x080097a8                __math_oflow
 .text.fabs     0x080097bc       0x14 c:/sysgcc/arm-eabi/bin/../lib/gcc/arm-none-eabi/10.3.1/../../../../arm-none-eabi/lib/thumb/v7e-m+fp/hard\libm.a(lib_a-s_fabs.o)
                0x080097bc                fabs
 .text.finite   0x080097d0       0x18 c:/sysgcc/arm-eabi/bin/../lib/gcc/arm-none-eabi/10.3.1/../../../../arm-none-eabi/lib/thumb/v7e-m+fp/hard\libm.a(lib_a-s_finite.o)
                0x080097d0                finite
 .text.scalbn   0x080097e8      0x124 c:/sysgcc/arm-eabi/bin/../lib/gcc/arm-none-eabi/10.3.1/../../../../arm-none-eabi/lib/thumb/v7e-m+fp/hard\libm.a(lib_a-s_scalbn.o)
                0x080097e8                scalbn
 .text.fabsf    0x0800990c       0x10 c:/sysgcc/arm-eabi/bin/../lib/gcc/arm-none-eabi/10.3.1/../../../../arm-none-eabi/lib/thumb/v7e-m+fp/hard\libm.a(lib_a-sf_fabs.o)
                0x0800990c                fabsf
 .text.floorf   0x0800991c       0x8c c:/sysgcc/arm-eabi/bin/../lib/gcc/arm-none-eabi/10.3.1/../../../../arm-none-eabi/lib/thumb/v7e-m+fp/hard\libm.a(lib_a-sf_floor.o)
                0x0800991c                floorf
 .text.scalbnf  0x080099a8       0xe4 c:/sysgcc/arm-eabi/bin/../lib/gcc/arm-none-eabi/10.3.1/../../../../arm-none-eabi/lib/thumb/v7e-m+fp/hard\libm.a(lib_a-sf_scalbn.o)
                0x080099a8                scalbnf
 .text          0x08009a8c      0x378 c:/sysgcc/arm-eabi/bin/../lib/gcc/arm-none-eabi/10.3.1/thumb/v7e-m+fp/hard\libgcc.a(_arm_addsubdf3.o)
                0x08009a8c                __aeabi_drsub
                0x08009a94                __aeabi_dsub
                0x08009a94                __subdf3
                0x08009a98                __aeabi_dadd
                0x08009a98                __adddf3
                0x08009d10                __floatunsidf
                0x08009d10                __aeabi_ui2d
                0x08009d30                __floatsidf
                0x08009d30                __aeabi_i2d
                0x08009d54                __aeabi_f2d
                0x08009d54                __extendsfdf2
                0x08009d98                __floatundidf
                0x08009d98                __aeabi_ul2d
                0x08009da8                __floatdidf
                0x08009da8                __aeabi_l2d
 .text          0x08009e04      0x424 c:/sysgcc/arm-eabi/bin/../lib/gcc/arm-none-eabi/10.3.1/thumb/v7e-m+fp/hard\libgcc.a(_arm_muldivdf3.o)
                0x08009e04                __aeabi_dmul
                0x08009e04                __muldf3
                0x0800a058                __divdf3
                0x0800a058                __aeabi_ddiv
 .text          0x0800a228      0x110 c:/sysgcc/arm-eabi/bin/../lib/gcc/arm-none-eabi/10.3.1/thumb/v7e-m+fp/hard\libgcc.a(_arm_cmpdf2.o)
                0x0800a228                __gtdf2
                0x0800a228                __gedf2
                0x0800a230                __ltdf2
                0x0800a230                __ledf2
                0x0800a238                __nedf2
                0x0800a238                __eqdf2
                0x0800a238                __cmpdf2
                0x0800a2b4                __aeabi_cdrcmple
                0x0800a2c4                __aeabi_cdcmpeq
                0x0800a2c4                __aeabi_cdcmple
                0x0800a2d4                __aeabi_dcmpeq
                0x0800a2e8                __aeabi_dcmplt
                0x0800a2fc                __aeabi_dcmple
                0x0800a310                __aeabi_dcmpge
                0x0800a324                __aeabi_dcmpgt
 .text          0x0800a338       0x2c c:/sysgcc/arm-eabi/bin/../lib/gcc/arm-none-eabi/10.3.1/thumb/v7e-m+fp/hard\libgcc.a(_arm_unorddf2.o)
                0x0800a338                __unorddf2
                0x0800a338                __aeabi_dcmpun
 .text          0x0800a364       0x50 c:/sysgcc/arm-eabi/bin/../lib/gcc/arm-none-eabi/10.3.1/thumb/v7e-m+fp/hard\libgcc.a(_arm_fixdfsi.o)
                0x0800a364                __aeabi_d2iz
                0x0800a364                __fixdfsi
 .text          0x0800a3b4       0xa0 c:/sysgcc/arm-eabi/bin/../lib/gcc/arm-none-eabi/10.3.1/thumb/v7e-m+fp/hard\libgcc.a(_arm_truncdfsf2.o)
                0x0800a3b4                __truncdfsf2
                0x0800a3b4                __aeabi_d2f
 .text.__errno  0x0800a454        0xc c:/sysgcc/arm-eabi/bin/../lib/gcc/arm-none-eabi/10.3.1/../../../../arm-none-eabi/lib/thumb/v7e-m+fp/hard\libg.a(lib_a-errno.o)
                0x0800a454                __errno
 .text.memcmp   0x0800a460       0x64 c:/sysgcc/arm-eabi/bin/../lib/gcc/arm-none-eabi/10.3.1/../../../../arm-none-eabi/lib/thumb/v7e-m+fp/hard\libg.a(lib_a-memcmp.o)
                0x0800a460                memcmp
 .text          0x0800a4c4      0x134 c:/sysgcc/arm-eabi/bin/../lib/gcc/arm-none-eabi/10.3.1/../../../../arm-none-eabi/lib/thumb/v7e-m+fp/hard\libg.a(lib_a-memcpy.o)
                0x0800a4c4                memcpy
 .text.memset   0x0800a5f8       0xa4 c:/sysgcc/arm-eabi/bin/../lib/gcc/arm-none-eabi/10.3.1/../../../../arm-none-eabi/lib/thumb/v7e-m+fp/hard\libg.a(lib_a-memset.o)
                0x0800a5f8                memset
 *(.rodata .rodata.* .constdata .constdata.*)
 .rodata.GPIO_PIN
                0x0800a69c       0x10 Debug_Win/stm32f3-stdperiph/stm32f3_discovery.o
                0x0800a69c                GPIO_PIN
 .rodata.GPIO_CLK
                0x0800a6ac       0x20 Debug_Win/stm32f3-stdperiph/stm32f3_discovery.o
                0x0800a6ac                GPIO_CLK
 .rodata.Virtual_Com_Port_DeviceDescriptor
                0x0800a6cc       0x12 Debug_Win/usb/usb_desc.o
                0x0800a6cc                Virtual_Com_Port_DeviceDescriptor
 *fill*         0x0800a6de        0x2 
 .rodata.Virtual_Com_Port_ConfigDescriptor
                0x0800a6e0       0x43 Debug_Win/usb/usb_desc.o
                0x0800a6e0                Virtual_Com_Port_ConfigDescriptor
 *fill*         0x0800a723        0x1 
 .rodata.Virtual_Com_Port_StringLangID
                0x0800a724        0x4 Debug_Win/usb/usb_desc.o
                0x0800a724                Virtual_Com_Port_StringLangID
 .rodata.Virtual_Com_Port_StringVendor
                0x0800a728       0x26 Debug_Win/usb/usb_desc.o
                0x0800a728                Virtual_Com_Port_StringVendor
 *fill*         0x0800a74e        0x2 
 .rodata.Virtual_Com_Port_StringProduct
                0x0800a750       0x2e Debug_Win/usb/usb_desc.o
                0x0800a750                Virtual_Com_Port_StringProduct
 *fill*         0x0800a77e        0x2 
 .rodata.Virtual_Com_Port_QualifierDescriptor
                0x0800a780       0x12 Debug_Win/usb/usb_desc.o
                0x0800a780                Virtual_Com_Port_QualifierDescriptor
 *fill*         0x0800a792        0x2 
 .rodata        0x0800a794        0x4 Debug_Win/user/main.opp
 .rodata.npio2_hw
                0x0800a798       0x80 c:/sysgcc/arm-eabi/bin/../lib/gcc/arm-none-eabi/10.3.1/../../../../arm-none-eabi/lib/thumb/v7e-m+fp/hard\libm.a(lib_a-ef_rem_pio2.o)
 .rodata.two_over_pi
                0x0800a818      0x318 c:/sysgcc/arm-eabi/bin/../lib/gcc/arm-none-eabi/10.3.1/../../../../arm-none-eabi/lib/thumb/v7e-m+fp/hard\libm.a(lib_a-ef_rem_pio2.o)
 .rodata.PIo2   0x0800ab30       0x2c c:/sysgcc/arm-eabi/bin/../lib/gcc/arm-none-eabi/10.3.1/../../../../arm-none-eabi/lib/thumb/v7e-m+fp/hard\libm.a(lib_a-kf_rem_pio2.o)
 .rodata.init_jk
                0x0800ab5c        0xc c:/sysgcc/arm-eabi/bin/../lib/gcc/arm-none-eabi/10.3.1/../../../../arm-none-eabi/lib/thumb/v7e-m+fp/hard\libm.a(lib_a-kf_rem_pio2.o)
 *(vtable)
 *(.eh_frame*)
 *(.glue_7)
 .glue_7        0x0800ab68        0x0 linker stubs
 *(.glue_7t)
 .glue_7t       0x0800ab68        0x0 linker stubs

.vfp11_veneer   0x0800ab68        0x0
 .vfp11_veneer  0x0800ab68        0x0 linker stubs

.v4_bx          0x0800ab68        0x0
 .v4_bx         0x0800ab68        0x0 linker stubs

.iplt           0x0800ab68        0x0
 .iplt          0x0800ab68        0x0 Debug_Win/stm32f3-stdperiph/stm32f30x_it.o

.rel.dyn        0x0800ab68        0x0
 .rel.iplt      0x0800ab68        0x0 Debug_Win/stm32f3-stdperiph/stm32f30x_it.o

.ARM.extab
 *(.ARM.extab* .gnu.linkonce.armextab.*)
                0x0800ab68                . = ALIGN (0x4)
                0x0800ab68                __exidx_start = .

.ARM.exidx
 *(.ARM.exidx* .gnu.linkonce.armexidx.*)
                0x0800ab68                __exidx_end = .
                0x0800ab68                . = ALIGN (0x4)
                0x0800ab68                _etext = .
                0x0800ab68                __etext = .

.data_CCMRAM    0x10000000        0x0 load address 0x0800ab68
 FILL mask 0xff
 *(.data.CCMRAM .data.CCMRAM.*)
                0x10000000                . = ALIGN (0x4)
                0x0800ab68                _sidata = LOADADDR (.data)

.data           0x20000000      0x5c4 load address 0x0800ab68
 FILL mask 0xff
                0x20000000                _sdata = .
                0x20000000                __data_start__ = .
 *(.data_begin .data_begin.*)
 .data_begin    0x20000000        0x4 Debug_Win/newlib/_startup.o
 *(.data .data.*)
 .data.APBAHBPrescTable
                0x20000004       0x10 Debug_Win/stm32f3-stdperiph/stm32f30x_rcc.o
 .data.ADCPrescTable
                0x20000014       0x1a Debug_Win/stm32f3-stdperiph/stm32f30x_rcc.o
 *fill*         0x2000002e        0x2 ff
 .data.GPIO_PORT
                0x20000030       0x20 Debug_Win/stm32f3-stdperiph/stm32f3_discovery.o
                0x20000030                GPIO_PORT
 .data.BUTTON_PORT
                0x20000050        0x4 Debug_Win/stm32f3-stdperiph/stm32f3_discovery.o
                0x20000050                BUTTON_PORT
 .data.L3GD20Timeout
                0x20000054        0x4 Debug_Win/stm32f3-stdperiph/stm32f3_discovery_l3gd20.o
                0x20000054                L3GD20Timeout
 .data.LSM303DLHC_Timeout
                0x20000058        0x4 Debug_Win/stm32f3-stdperiph/stm32f3_discovery_lsm303dlhc.o
                0x20000058                LSM303DLHC_Timeout
 .data.SystemCoreClock
                0x2000005c        0x4 Debug_Win/cmsis/system_stm32f30x.o
                0x2000005c                SystemCoreClock
 .data.AHBPrescTable
                0x20000060       0x10 Debug_Win/cmsis/system_stm32f30x.o
                0x20000060                AHBPrescTable
 .data.argv.1   0x20000070        0x8 Debug_Win/newlib/_syscalls.o
 .data.pEpInt_IN
                0x20000078       0x1c Debug_Win/usb/usb_istr.o
                0x20000078                pEpInt_IN
 .data.pEpInt_OUT
                0x20000094       0x1c Debug_Win/usb/usb_istr.o
                0x20000094                pEpInt_OUT
 .data.fSuspendEnabled
                0x200000b0        0x1 Debug_Win/usb/usb_pwr.o
                0x200000b0                fSuspendEnabled
 *fill*         0x200000b1        0x3 ff
 .data.linecoding
                0x200000b4        0x8 Debug_Win/usb/usb_prop.o
                0x200000b4                linecoding
 .data.Device_Table
                0x200000bc        0x2 Debug_Win/usb/usb_prop.o
                0x200000bc                Device_Table
 *fill*         0x200000be        0x2 ff
 .data.Device_Property
                0x200000c0       0x34 Debug_Win/usb/usb_prop.o
                0x200000c0                Device_Property
 .data.User_Standard_Requests
                0x200000f4       0x24 Debug_Win/usb/usb_prop.o
                0x200000f4                User_Standard_Requests
 .data.Device_Descriptor
                0x20000118        0x8 Debug_Win/usb/usb_prop.o
                0x20000118                Device_Descriptor
 .data.Config_Descriptor
                0x20000120        0x8 Debug_Win/usb/usb_prop.o
                0x20000120                Config_Descriptor
 .data.Qualifier_Descriptor
                0x20000128        0x8 Debug_Win/usb/usb_prop.o
                0x20000128                Qualifier_Descriptor
 .data.String_Descriptor
                0x20000130       0x20 Debug_Win/usb/usb_prop.o
                0x20000130                String_Descriptor
 .data.Virtual_Com_Port_StringSerial
                0x20000150       0x1a Debug_Win/usb/usb_desc.o
                0x20000150                Virtual_Com_Port_StringSerial
 *fill*         0x2000016a        0x2 ff
 .data.ErrorMessage
                0x2000016c        0x8 Debug_Win/user/main.opp
                0x2000016c                ErrorMessage
 .data.ConfirmMessage
                0x20000174        0x8 Debug_Win/user/main.opp
                0x20000174                ConfirmMessage
 .data.EndOfInitialSetting
                0x2000017c        0x8 Debug_Win/user/main.opp
                0x2000017c                EndOfInitialSetting
 .data.Restart_cmd
                0x20000184        0x8 Debug_Win/user/main.opp
                0x20000184                Restart_cmd
 .data.USBConnectTimeOut
                0x2000018c        0x4 Debug_Win/user/main.opp
                0x2000018c                USBConnectTimeOut
 .data.stage    0x20000190        0x4 Debug_Win/user/main.opp
                0x20000190                stage
 .data._impure_ptr
                0x20000194        0x4 c:/sysgcc/arm-eabi/bin/../lib/gcc/arm-none-eabi/10.3.1/../../../../arm-none-eabi/lib/thumb/v7e-m+fp/hard\libg.a(lib_a-impure.o)
                0x20000194                _impure_ptr
 .data.impure_data
                0x20000198      0x428 c:/sysgcc/arm-eabi/bin/../lib/gcc/arm-none-eabi/10.3.1/../../../../arm-none-eabi/lib/thumb/v7e-m+fp/hard\libg.a(lib_a-impure.o)
 *(.data_end .data_end.*)
 .data_end      0x200005c0        0x4 Debug_Win/newlib/_startup.o
                0x200005c4                . = ALIGN (0x4)
                0x200005c4                _edata = .
                0x200005c4                __data_end__ = .

.igot.plt       0x200005c4        0x0 load address 0x0800b12c
 .igot.plt      0x200005c4        0x0 Debug_Win/stm32f3-stdperiph/stm32f30x_it.o

.bss_CCMRAM     0x10000000        0x0
 *(.bss.CCMRAM .bss.CCMRAM.*)

.bss            0x200005c8      0xe9c
                0x200005c8                __bss_start__ = .
                0x200005c8                _sbss = .
 *(.bss_begin .bss_begin.*)
 .bss_begin     0x200005c8        0x4 Debug_Win/newlib/_startup.o
 *(.bss .bss.*)
 .bss.i         0x200005cc        0x4 Debug_Win/stm32f3-stdperiph/stm32f30x_it.o
                0x200005cc                i
 .bss.name.0    0x200005d0        0x1 Debug_Win/newlib/_syscalls.o
 .bss.HSEStartUpStatus
                0x200005d1        0x1 Debug_Win/usb/hw_config.o
                0x200005d1                HSEStartUpStatus
 *fill*         0x200005d2        0x2 
 .bss.EXTI_InitStructure
                0x200005d4        0x8 Debug_Win/usb/hw_config.o
                0x200005d4                EXTI_InitStructure
 .bss.Receive_Buffer
                0x200005dc       0x40 Debug_Win/usb/hw_config.o
                0x200005dc                Receive_Buffer
 .bss.packet_sent
                0x2000061c        0x4 Debug_Win/usb/hw_config.o
                0x2000061c                packet_sent
 .bss.packet_receive
                0x20000620        0x4 Debug_Win/usb/hw_config.o
                0x20000620                packet_receive
 .bss.wIstr     0x20000624        0x2 Debug_Win/usb/usb_istr.o
                0x20000624                wIstr
 .bss.bIntPackSOF
                0x20000626        0x1 Debug_Win/usb/usb_istr.o
                0x20000626                bIntPackSOF
 *fill*         0x20000627        0x1 
 .bss.esof_counter
                0x20000628        0x4 Debug_Win/usb/usb_istr.o
                0x20000628                esof_counter
 .bss.wCNTR     0x2000062c        0x4 Debug_Win/usb/usb_istr.o
                0x2000062c                wCNTR
 .bss.bDeviceState
                0x20000630        0x4 Debug_Win/usb/usb_pwr.o
                0x20000630                bDeviceState
 .bss.EP        0x20000634       0x20 Debug_Win/usb/usb_pwr.o
                0x20000634                EP
 .bss.ResumeS   0x20000654        0x2 Debug_Win/usb/usb_pwr.o
                0x20000654                ResumeS
 *fill*         0x20000656        0x2 
 .bss.remotewakeupon
                0x20000658        0x4 Debug_Win/usb/usb_pwr.o
                0x20000658                remotewakeupon
 .bss.EPindex   0x2000065c        0x1 Debug_Win/usb/usb_init.o
                0x2000065c                EPindex
 *fill*         0x2000065d        0x3 
 .bss.pInformation
                0x20000660        0x4 Debug_Win/usb/usb_init.o
                0x20000660                pInformation
 .bss.pProperty
                0x20000664        0x4 Debug_Win/usb/usb_init.o
                0x20000664                pProperty
 .bss.wInterrupt_Mask
                0x20000668        0x2 Debug_Win/usb/usb_init.o
                0x20000668                wInterrupt_Mask
 *fill*         0x2000066a        0x2 
 .bss.Device_Info
                0x2000066c       0x1c Debug_Win/usb/usb_init.o
                0x2000066c                Device_Info
 .bss.pUser_Standard_Requests
                0x20000688        0x4 Debug_Win/usb/usb_init.o
                0x20000688                pUser_Standard_Requests
 .bss.Request   0x2000068c        0x1 Debug_Win/usb/usb_prop.o
                0x2000068c                Request
 *fill*         0x2000068d        0x3 
 .bss.StatusInfo
                0x20000690        0x2 Debug_Win/usb/usb_core.o
                0x20000690                StatusInfo
 .bss.Data_Mul_MaxPacketSize
                0x20000692        0x1 Debug_Win/usb/usb_core.o
                0x20000692                Data_Mul_MaxPacketSize
 *fill*         0x20000693        0x1 
 .bss.SaveRState
                0x20000694        0x2 Debug_Win/usb/usb_int.o
                0x20000694                SaveRState
 .bss.SaveTState
                0x20000696        0x2 Debug_Win/usb/usb_int.o
                0x20000696                SaveTState
 .bss.Receive_length
                0x20000698        0x1 Debug_Win/usb/usb_endp.o
                0x20000698                Receive_length
 *fill*         0x20000699        0x3 
 .bss.buffer.2  0x2000069c        0x6 Debug_Win/user/Sensors.o
 *fill*         0x200006a2        0x2 
 .bss.buffer.0  0x200006a4        0x2 Debug_Win/user/Sensors.o
 *fill*         0x200006a6        0x2 
 .bss.RCC_Clocks
                0x200006a8       0x3c Debug_Win/user/main.opp
                0x200006a8                RCC_Clocks
 .bss.TimingDelay
                0x200006e4        0x4 Debug_Win/user/main.opp
                0x200006e4                TimingDelay
 .bss.DataReady
                0x200006e8        0x1 Debug_Win/user/main.opp
                0x200006e8                DataReady
 *fill*         0x200006e9        0x3 
 .bss.UserButtonPressed
                0x200006ec        0x4 Debug_Win/user/main.opp
                0x200006ec                UserButtonPressed
 .bss.gyro_multiplier
                0x200006f0        0x4 Debug_Win/user/main.opp
                0x200006f0                gyro_multiplier
 .bss.previous_stage
                0x200006f4        0x4 Debug_Win/user/main.opp
                0x200006f4                previous_stage
 .bss.decode_stage
                0x200006f8        0x4 Debug_Win/user/main.opp
                0x200006f8                decode_stage
 .bss.COM_port  0x200006fc       0x84 Debug_Win/user/main.opp
                0x200006fc                COM_port
 .bss.measure   0x20000780      0xcb8 Debug_Win/user/main.opp
                0x20000780                measure
 .bss.TxBuff    0x20001438       0x14 Debug_Win/user/Drv_Uart.opp
                0x20001438                TxBuff
 .bss.RxBuff    0x2000144c       0x14 Debug_Win/user/Drv_Uart.opp
                0x2000144c                RxBuff
 *(COMMON)
 *(.bss_end .bss_end.*)
 .bss_end       0x20001460        0x4 Debug_Win/newlib/_startup.o
                0x20001464                . = ALIGN (0x4)
                0x20001464                __bss_end__ = .
                0x20001464                _ebss = .

.noinit_CCMRAM
 *(.noinit.CCMRAM .noinit.CCMRAM.*)

.noinit         0x20001464        0x0
                0x20001464                _noinit = .
 *(.noinit .noinit.*)
                0x20001464                . = ALIGN (0x4)
                0x20001464                _end_noinit = .
                [!provide]                PROVIDE (end = _end_noinit)
                [!provide]                PROVIDE (_end = _end_noinit)
                [!provide]                PROVIDE (__end = _end_noinit)
                [!provide]                PROVIDE (__end__ = _end_noinit)

._check_stack   0x20001464      0x100
                0x20001564                . = (. + _Minimum_Stack_Size)
 *fill*         0x20001464      0x100 

.b1text
 *(.b1text)
 *(.b1rodata)
 *(.b1rodata.*)

.eb0text
 *(.eb0text)
 *(.eb0rodata)
 *(.eb0rodata.*)

.eb1text
 *(.eb1text)
 *(.eb1rodata)
 *(.eb1rodata.*)

.eb2text
 *(.eb2text)
 *(.eb2rodata)
 *(.eb2rodata.*)

.eb3text
 *(.eb3text)
 *(.eb3rodata)
 *(.eb3rodata.*)

.stab
 *(.stab)

.stabstr
 *(.stabstr)

.stab.excl
 *(.stab.excl)

.stab.exclstr
 *(.stab.exclstr)

.stab.index
 *(.stab.index)

.stab.indexstr
 *(.stab.indexstr)

.comment        0x00000000       0x49
 *(.comment)
 .comment       0x00000000       0x49 Debug_Win/stm32f3-stdperiph/stm32f30x_exti.o
                                 0x4a (size before relaxing)
 .comment       0x00000049       0x4a Debug_Win/stm32f3-stdperiph/stm32f30x_gpio.o
 .comment       0x00000049       0x4a Debug_Win/stm32f3-stdperiph/stm32f30x_i2c.o
 .comment       0x00000049       0x4a Debug_Win/stm32f3-stdperiph/stm32f30x_it.o
 .comment       0x00000049       0x4a Debug_Win/stm32f3-stdperiph/stm32f30x_misc.o
 .comment       0x00000049       0x4a Debug_Win/stm32f3-stdperiph/stm32f30x_rcc.o
 .comment       0x00000049       0x4a Debug_Win/stm32f3-stdperiph/stm32f30x_spi.o
 .comment       0x00000049       0x4a Debug_Win/stm32f3-stdperiph/stm32f30x_syscfg.o
 .comment       0x00000049       0x4a Debug_Win/stm32f3-stdperiph/stm32f30x_tim.o
 .comment       0x00000049       0x4a Debug_Win/stm32f3-stdperiph/stm32f30x_usart.o
 .comment       0x00000049       0x4a Debug_Win/stm32f3-stdperiph/stm32f3_discovery.o
 .comment       0x00000049       0x4a Debug_Win/stm32f3-stdperiph/stm32f3_discovery_l3gd20.o
 .comment       0x00000049       0x4a Debug_Win/stm32f3-stdperiph/stm32f3_discovery_lsm303dlhc.o
 .comment       0x00000049       0x4a Debug_Win/cmsis/system_stm32f30x.o
 .comment       0x00000049       0x4a Debug_Win/cmsis/vectors_stm32f30x.o
 .comment       0x00000049       0x4a Debug_Win/newlib/_exit.o
 .comment       0x00000049       0x4a Debug_Win/newlib/_startup.o
 .comment       0x00000049       0x4a Debug_Win/newlib/_syscalls.o
 .comment       0x00000049       0x4a Debug_Win/cortexm/exception_handlers.o
 .comment       0x00000049       0x4a Debug_Win/cortexm/_initialize_hardware.o
 .comment       0x00000049       0x4a Debug_Win/usb/hw_config.o
 .comment       0x00000049       0x4a Debug_Win/usb/usb_istr.o
 .comment       0x00000049       0x4a Debug_Win/usb/usb_pwr.o
 .comment       0x00000049       0x4a Debug_Win/usb/usb_init.o
 .comment       0x00000049       0x4a Debug_Win/usb/usb_prop.o
 .comment       0x00000049       0x4a Debug_Win/usb/usb_regs.o
 .comment       0x00000049       0x4a Debug_Win/usb/usb_desc.o
 .comment       0x00000049       0x4a Debug_Win/usb/usb_sil.o
 .comment       0x00000049       0x4a Debug_Win/usb/usb_core.o
 .comment       0x00000049       0x4a Debug_Win/usb/usb_int.o
 .comment       0x00000049       0x4a Debug_Win/usb/usb_mem.o
 .comment       0x00000049       0x4a Debug_Win/usb/usb_endp.o
 .comment       0x00000049       0x4a Debug_Win/usb/VCP_F3.opp
 .comment       0x00000049       0x4a Debug_Win/user/Sensors.o
 .comment       0x00000049       0x4a Debug_Win/user/main.opp
 .comment       0x00000049       0x4a Debug_Win/user/Drv_Gpio.opp
 .comment       0x00000049       0x4a Debug_Win/user/Drv_Uart.opp

.ARM.attributes
                0x00000000       0x32
 .ARM.attributes
                0x00000000       0x34 Debug_Win/stm32f3-stdperiph/stm32f30x_exti.o
 .ARM.attributes
                0x00000034       0x34 Debug_Win/stm32f3-stdperiph/stm32f30x_gpio.o
 .ARM.attributes
                0x00000068       0x34 Debug_Win/stm32f3-stdperiph/stm32f30x_i2c.o
 .ARM.attributes
                0x0000009c       0x34 Debug_Win/stm32f3-stdperiph/stm32f30x_it.o
 .ARM.attributes
                0x000000d0       0x34 Debug_Win/stm32f3-stdperiph/stm32f30x_misc.o
 .ARM.attributes
                0x00000104       0x34 Debug_Win/stm32f3-stdperiph/stm32f30x_rcc.o
 .ARM.attributes
                0x00000138       0x34 Debug_Win/stm32f3-stdperiph/stm32f30x_spi.o
 .ARM.attributes
                0x0000016c       0x34 Debug_Win/stm32f3-stdperiph/stm32f30x_syscfg.o
 .ARM.attributes
                0x000001a0       0x34 Debug_Win/stm32f3-stdperiph/stm32f30x_tim.o
 .ARM.attributes
                0x000001d4       0x34 Debug_Win/stm32f3-stdperiph/stm32f30x_usart.o
 .ARM.attributes
                0x00000208       0x34 Debug_Win/stm32f3-stdperiph/stm32f3_discovery.o
 .ARM.attributes
                0x0000023c       0x34 Debug_Win/stm32f3-stdperiph/stm32f3_discovery_l3gd20.o
 .ARM.attributes
                0x00000270       0x34 Debug_Win/stm32f3-stdperiph/stm32f3_discovery_lsm303dlhc.o
 .ARM.attributes
                0x000002a4       0x34 Debug_Win/cmsis/system_stm32f30x.o
 .ARM.attributes
                0x000002d8       0x34 Debug_Win/cmsis/vectors_stm32f30x.o
 .ARM.attributes
                0x0000030c       0x34 Debug_Win/newlib/_exit.o
 .ARM.attributes
                0x00000340       0x34 Debug_Win/newlib/_startup.o
 .ARM.attributes
                0x00000374       0x34 Debug_Win/newlib/_syscalls.o
 .ARM.attributes
                0x000003a8       0x34 Debug_Win/cortexm/exception_handlers.o
 .ARM.attributes
                0x000003dc       0x34 Debug_Win/cortexm/_initialize_hardware.o
 .ARM.attributes
                0x00000410       0x34 Debug_Win/usb/hw_config.o
 .ARM.attributes
                0x00000444       0x34 Debug_Win/usb/usb_istr.o
 .ARM.attributes
                0x00000478       0x34 Debug_Win/usb/usb_pwr.o
 .ARM.attributes
                0x000004ac       0x34 Debug_Win/usb/usb_init.o
 .ARM.attributes
                0x000004e0       0x34 Debug_Win/usb/usb_prop.o
 .ARM.attributes
                0x00000514       0x34 Debug_Win/usb/usb_regs.o
 .ARM.attributes
                0x00000548       0x34 Debug_Win/usb/usb_desc.o
 .ARM.attributes
                0x0000057c       0x34 Debug_Win/usb/usb_sil.o
 .ARM.attributes
                0x000005b0       0x34 Debug_Win/usb/usb_core.o
 .ARM.attributes
                0x000005e4       0x34 Debug_Win/usb/usb_int.o
 .ARM.attributes
                0x00000618       0x34 Debug_Win/usb/usb_mem.o
 .ARM.attributes
                0x0000064c       0x34 Debug_Win/usb/usb_endp.o
 .ARM.attributes
                0x00000680       0x34 Debug_Win/usb/VCP_F3.opp
 .ARM.attributes
                0x000006b4       0x34 Debug_Win/user/Sensors.o
 .ARM.attributes
                0x000006e8       0x34 Debug_Win/user/main.opp
 .ARM.attributes
                0x0000071c       0x34 Debug_Win/user/Drv_Gpio.opp
 .ARM.attributes
                0x00000750       0x34 Debug_Win/user/Drv_Uart.opp
 .ARM.attributes
                0x00000784       0x34 c:/sysgcc/arm-eabi/bin/../lib/gcc/arm-none-eabi/10.3.1/../../../../arm-none-eabi/lib/thumb/v7e-m+fp/hard\libm.a(lib_a-sf_cos.o)
 .ARM.attributes
                0x000007b8       0x34 c:/sysgcc/arm-eabi/bin/../lib/gcc/arm-none-eabi/10.3.1/../../../../arm-none-eabi/lib/thumb/v7e-m+fp/hard\libm.a(lib_a-sf_round.o)
 .ARM.attributes
                0x000007ec       0x34 c:/sysgcc/arm-eabi/bin/../lib/gcc/arm-none-eabi/10.3.1/../../../../arm-none-eabi/lib/thumb/v7e-m+fp/hard\libm.a(lib_a-sf_sin.o)
 .ARM.attributes
                0x00000820       0x34 c:/sysgcc/arm-eabi/bin/../lib/gcc/arm-none-eabi/10.3.1/../../../../arm-none-eabi/lib/thumb/v7e-m+fp/hard\libm.a(lib_a-w_pow.o)
 .ARM.attributes
                0x00000854       0x34 c:/sysgcc/arm-eabi/bin/../lib/gcc/arm-none-eabi/10.3.1/../../../../arm-none-eabi/lib/thumb/v7e-m+fp/hard\libm.a(lib_a-wf_sqrt.o)
 .ARM.attributes
                0x00000888       0x34 c:/sysgcc/arm-eabi/bin/../lib/gcc/arm-none-eabi/10.3.1/../../../../arm-none-eabi/lib/thumb/v7e-m+fp/hard\libm.a(lib_a-e_pow.o)
 .ARM.attributes
                0x000008bc       0x34 c:/sysgcc/arm-eabi/bin/../lib/gcc/arm-none-eabi/10.3.1/../../../../arm-none-eabi/lib/thumb/v7e-m+fp/hard\libm.a(lib_a-e_sqrt.o)
 .ARM.attributes
                0x000008f0       0x34 c:/sysgcc/arm-eabi/bin/../lib/gcc/arm-none-eabi/10.3.1/../../../../arm-none-eabi/lib/thumb/v7e-m+fp/hard\libm.a(lib_a-ef_rem_pio2.o)
 .ARM.attributes
                0x00000924       0x34 c:/sysgcc/arm-eabi/bin/../lib/gcc/arm-none-eabi/10.3.1/../../../../arm-none-eabi/lib/thumb/v7e-m+fp/hard\libm.a(lib_a-ef_sqrt.o)
 .ARM.attributes
                0x00000958       0x34 c:/sysgcc/arm-eabi/bin/../lib/gcc/arm-none-eabi/10.3.1/../../../../arm-none-eabi/lib/thumb/v7e-m+fp/hard\libm.a(lib_a-kf_cos.o)
 .ARM.attributes
                0x0000098c       0x34 c:/sysgcc/arm-eabi/bin/../lib/gcc/arm-none-eabi/10.3.1/../../../../arm-none-eabi/lib/thumb/v7e-m+fp/hard\libm.a(lib_a-kf_rem_pio2.o)
 .ARM.attributes
                0x000009c0       0x34 c:/sysgcc/arm-eabi/bin/../lib/gcc/arm-none-eabi/10.3.1/../../../../arm-none-eabi/lib/thumb/v7e-m+fp/hard\libm.a(lib_a-kf_sin.o)
 .ARM.attributes
                0x000009f4       0x34 c:/sysgcc/arm-eabi/bin/../lib/gcc/arm-none-eabi/10.3.1/../../../../arm-none-eabi/lib/thumb/v7e-m+fp/hard\libm.a(lib_a-math_err.o)
 .ARM.attributes
                0x00000a28       0x34 c:/sysgcc/arm-eabi/bin/../lib/gcc/arm-none-eabi/10.3.1/../../../../arm-none-eabi/lib/thumb/v7e-m+fp/hard\libm.a(lib_a-s_fabs.o)
 .ARM.attributes
                0x00000a5c       0x34 c:/sysgcc/arm-eabi/bin/../lib/gcc/arm-none-eabi/10.3.1/../../../../arm-none-eabi/lib/thumb/v7e-m+fp/hard\libm.a(lib_a-s_finite.o)
 .ARM.attributes
                0x00000a90       0x34 c:/sysgcc/arm-eabi/bin/../lib/gcc/arm-none-eabi/10.3.1/../../../../arm-none-eabi/lib/thumb/v7e-m+fp/hard\libm.a(lib_a-s_scalbn.o)
 .ARM.attributes
                0x00000ac4       0x34 c:/sysgcc/arm-eabi/bin/../lib/gcc/arm-none-eabi/10.3.1/../../../../arm-none-eabi/lib/thumb/v7e-m+fp/hard\libm.a(lib_a-sf_fabs.o)
 .ARM.attributes
                0x00000af8       0x34 c:/sysgcc/arm-eabi/bin/../lib/gcc/arm-none-eabi/10.3.1/../../../../arm-none-eabi/lib/thumb/v7e-m+fp/hard\libm.a(lib_a-sf_floor.o)
 .ARM.attributes
                0x00000b2c       0x34 c:/sysgcc/arm-eabi/bin/../lib/gcc/arm-none-eabi/10.3.1/../../../../arm-none-eabi/lib/thumb/v7e-m+fp/hard\libm.a(lib_a-sf_scalbn.o)
 .ARM.attributes
                0x00000b60       0x1e c:/sysgcc/arm-eabi/bin/../lib/gcc/arm-none-eabi/10.3.1/thumb/v7e-m+fp/hard\libgcc.a(_arm_addsubdf3.o)
 .ARM.attributes
                0x00000b7e       0x1e c:/sysgcc/arm-eabi/bin/../lib/gcc/arm-none-eabi/10.3.1/thumb/v7e-m+fp/hard\libgcc.a(_arm_muldivdf3.o)
 .ARM.attributes
                0x00000b9c       0x1e c:/sysgcc/arm-eabi/bin/../lib/gcc/arm-none-eabi/10.3.1/thumb/v7e-m+fp/hard\libgcc.a(_arm_cmpdf2.o)
 .ARM.attributes
                0x00000bba       0x1e c:/sysgcc/arm-eabi/bin/../lib/gcc/arm-none-eabi/10.3.1/thumb/v7e-m+fp/hard\libgcc.a(_arm_unorddf2.o)
 .ARM.attributes
                0x00000bd8       0x1e c:/sysgcc/arm-eabi/bin/../lib/gcc/arm-none-eabi/10.3.1/thumb/v7e-m+fp/hard\libgcc.a(_arm_fixdfsi.o)
 .ARM.attributes
                0x00000bf6       0x1e c:/sysgcc/arm-eabi/bin/../lib/gcc/arm-none-eabi/10.3.1/thumb/v7e-m+fp/hard\libgcc.a(_arm_truncdfsf2.o)
 .ARM.attributes
                0x00000c14       0x34 c:/sysgcc/arm-eabi/bin/../lib/gcc/arm-none-eabi/10.3.1/../../../../arm-none-eabi/lib/thumb/v7e-m+fp/hard\libg.a(lib_a-errno.o)
 .ARM.attributes
                0x00000c48       0x34 c:/sysgcc/arm-eabi/bin/../lib/gcc/arm-none-eabi/10.3.1/../../../../arm-none-eabi/lib/thumb/v7e-m+fp/hard\libg.a(lib_a-impure.o)
 .ARM.attributes
                0x00000c7c       0x34 c:/sysgcc/arm-eabi/bin/../lib/gcc/arm-none-eabi/10.3.1/../../../../arm-none-eabi/lib/thumb/v7e-m+fp/hard\libg.a(lib_a-memcmp.o)
 .ARM.attributes
                0x00000cb0       0x1c c:/sysgcc/arm-eabi/bin/../lib/gcc/arm-none-eabi/10.3.1/../../../../arm-none-eabi/lib/thumb/v7e-m+fp/hard\libg.a(lib_a-memcpy.o)
 .ARM.attributes
                0x00000ccc       0x34 c:/sysgcc/arm-eabi/bin/../lib/gcc/arm-none-eabi/10.3.1/../../../../arm-none-eabi/lib/thumb/v7e-m+fp/hard\libg.a(lib_a-memset.o)

.debug
 *(.debug)

.line
 *(.line)

.debug_srcinfo
 *(.debug_srcinfo)

.debug_sfnames
 *(.debug_sfnames)

.debug_aranges  0x00000000     0x1770
 *(.debug_aranges)
 .debug_aranges
                0x00000000       0x58 Debug_Win/stm32f3-stdperiph/stm32f30x_exti.o
 .debug_aranges
                0x00000058       0x80 Debug_Win/stm32f3-stdperiph/stm32f30x_gpio.o
 .debug_aranges
                0x000000d8      0x168 Debug_Win/stm32f3-stdperiph/stm32f30x_i2c.o
 .debug_aranges
                0x00000240       0x78 Debug_Win/stm32f3-stdperiph/stm32f30x_it.o
 .debug_aranges
                0x000002b8       0x40 Debug_Win/stm32f3-stdperiph/stm32f30x_misc.o
 .debug_aranges
                0x000002f8      0x150 Debug_Win/stm32f3-stdperiph/stm32f30x_rcc.o
 .debug_aranges
                0x00000448      0x118 Debug_Win/stm32f3-stdperiph/stm32f30x_spi.o
 .debug_aranges
                0x00000560       0x88 Debug_Win/stm32f3-stdperiph/stm32f30x_syscfg.o
 .debug_aranges
                0x000005e8      0x3a8 Debug_Win/stm32f3-stdperiph/stm32f30x_tim.o
 .debug_aranges
                0x00000990      0x1a0 Debug_Win/stm32f3-stdperiph/stm32f30x_usart.o
 .debug_aranges
                0x00000b30       0x48 Debug_Win/stm32f3-stdperiph/stm32f3_discovery.o
 .debug_aranges
                0x00000b78       0x78 Debug_Win/stm32f3-stdperiph/stm32f3_discovery_l3gd20.o
 .debug_aranges
                0x00000bf0       0x98 Debug_Win/stm32f3-stdperiph/stm32f3_discovery_lsm303dlhc.o
 .debug_aranges
                0x00000c88       0x30 Debug_Win/cmsis/system_stm32f30x.o
 .debug_aranges
                0x00000cb8       0x20 Debug_Win/cmsis/vectors_stm32f30x.o
 .debug_aranges
                0x00000cd8       0x28 Debug_Win/newlib/_exit.o
 .debug_aranges
                0x00000d00       0x40 Debug_Win/newlib/_startup.o
 .debug_aranges
                0x00000d40       0x30 Debug_Win/newlib/_syscalls.o
 .debug_aranges
                0x00000d70       0x80 Debug_Win/cortexm/exception_handlers.o
 .debug_aranges
                0x00000df0       0x28 Debug_Win/cortexm/_initialize_hardware.o
 .debug_aranges
                0x00000e18       0x80 Debug_Win/usb/hw_config.o
 .debug_aranges
                0x00000e98       0x20 Debug_Win/usb/usb_istr.o
 .debug_aranges
                0x00000eb8       0x40 Debug_Win/usb/usb_pwr.o
 .debug_aranges
                0x00000ef8       0x20 Debug_Win/usb/usb_init.o
 .debug_aranges
                0x00000f18       0x90 Debug_Win/usb/usb_prop.o
 .debug_aranges
                0x00000fa8      0x1f0 Debug_Win/usb/usb_regs.o
 .debug_aranges
                0x00001198       0x18 Debug_Win/usb/usb_desc.o
 .debug_aranges
                0x000011b0       0x30 Debug_Win/usb/usb_sil.o
 .debug_aranges
                0x000011e0       0xb0 Debug_Win/usb/usb_core.o
 .debug_aranges
                0x00001290       0x28 Debug_Win/usb/usb_int.o
 .debug_aranges
                0x000012b8       0x28 Debug_Win/usb/usb_mem.o
 .debug_aranges
                0x000012e0       0x28 Debug_Win/usb/usb_endp.o
 .debug_aranges
                0x00001308       0x38 Debug_Win/usb/VCP_F3.opp
 .debug_aranges
                0x00001340       0x58 Debug_Win/user/Sensors.o
 .debug_aranges
                0x00001398      0x2f8 Debug_Win/user/main.opp
 .debug_aranges
                0x00001690       0x28 Debug_Win/user/Drv_Gpio.opp
 .debug_aranges
                0x000016b8       0xb8 Debug_Win/user/Drv_Uart.opp

.debug_pubnames
 *(.debug_pubnames)

.debug_info     0x00000000    0x15940
 *(.debug_info .gnu.linkonce.wi.*)
 .debug_info    0x00000000      0x3ca Debug_Win/stm32f3-stdperiph/stm32f30x_exti.o
 .debug_info    0x000003ca      0x623 Debug_Win/stm32f3-stdperiph/stm32f30x_gpio.o
 .debug_info    0x000009ed      0xc47 Debug_Win/stm32f3-stdperiph/stm32f30x_i2c.o
 .debug_info    0x00001634      0x2fa Debug_Win/stm32f3-stdperiph/stm32f30x_it.o
 .debug_info    0x0000192e      0x548 Debug_Win/stm32f3-stdperiph/stm32f30x_misc.o
 .debug_info    0x00001e76      0xb1f Debug_Win/stm32f3-stdperiph/stm32f30x_rcc.o
 .debug_info    0x00002995      0xbdf Debug_Win/stm32f3-stdperiph/stm32f30x_spi.o
 .debug_info    0x00003574      0x3c2 Debug_Win/stm32f3-stdperiph/stm32f30x_syscfg.o
 .debug_info    0x00003936     0x233e Debug_Win/stm32f3-stdperiph/stm32f30x_tim.o
 .debug_info    0x00005c74      0xf58 Debug_Win/stm32f3-stdperiph/stm32f30x_usart.o
 .debug_info    0x00006bcc      0x890 Debug_Win/stm32f3-stdperiph/stm32f3_discovery.o
 .debug_info    0x0000745c      0x819 Debug_Win/stm32f3-stdperiph/stm32f3_discovery_l3gd20.o
 .debug_info    0x00007c75      0xa09 Debug_Win/stm32f3-stdperiph/stm32f3_discovery_lsm303dlhc.o
 .debug_info    0x0000867e      0x4b8 Debug_Win/cmsis/system_stm32f30x.o
 .debug_info    0x00008b36       0xce Debug_Win/cmsis/vectors_stm32f30x.o
 .debug_info    0x00008c04       0xd9 Debug_Win/newlib/_exit.o
 .debug_info    0x00008cdd      0x3c9 Debug_Win/newlib/_startup.o
 .debug_info    0x000090a6      0x192 Debug_Win/newlib/_syscalls.o
 .debug_info    0x00009238      0x284 Debug_Win/cortexm/exception_handlers.o
 .debug_info    0x000094bc      0x26c Debug_Win/cortexm/_initialize_hardware.o
 .debug_info    0x00009728      0xa69 Debug_Win/usb/hw_config.o
 .debug_info    0x0000a191      0x32b Debug_Win/usb/usb_istr.o
 .debug_info    0x0000a4bc      0x528 Debug_Win/usb/usb_pwr.o
 .debug_info    0x0000a9e4      0x49f Debug_Win/usb/usb_init.o
 .debug_info    0x0000ae83      0x8dc Debug_Win/usb/usb_prop.o